owned stage child 46301 ['/usr/bin/xcode-select', '-p']
owned stage child 47016 ['/usr/bin/xcrun', '--sdk', 'macosx', '--show-sdk-path']
owned stage child 47020 ['/usr/bin/xcrun', '--sdk', 'macosx', '--find', 'clang']
owned stage child 48822 ['/usr/bin/xcrun', '--sdk', 'macosx', '--find', 'ld']
owned stage child 50611 ['/usr/bin/xcrun', '--sdk', 'macosx', '--find', 'otool']
owned stage child 50614 ['/usr/bin/otool', '-arch', 'arm64', '-L', '/Applications/Xcode.app/Contents/Developer/Toolchains/XcodeDefault.xctoolchain/usr/bin/clang']
owned stage child 54523 ['/usr/bin/otool', '-arch', 'arm64', '-l', '/Applications/Xcode.app/Contents/Developer/Toolchains/XcodeDefault.xctoolchain/usr/bin/clang']
owned stage child 57059 ['/usr/bin/otool', '-arch', 'arm64', '-L', '/Users/danluu/.rustup/toolchains/nightly-2026-09-08-aarch64-apple-darwin/bin/cargo']
owned stage child 59217 ['/usr/bin/otool', '-arch', 'arm64', '-l', '/Users/danluu/.rustup/toolchains/nightly-2026-09-08-aarch64-apple-darwin/bin/cargo']
owned stage child 59221 ['/usr/bin/otool', '-arch', 'arm64', '-L', '/Users/danluu/dev/rust-interp-runtime-exporter-20260918/.work/hir-options-hash-compiler-01/source/build/aarch64-apple-darwin/stage0/bin/rustc']
owned stage child 59230 ['/usr/bin/otool', '-arch', 'arm64', '-l', '/Users/danluu/dev/rust-interp-runtime-exporter-20260918/.work/hir-options-hash-compiler-01/source/build/aarch64-apple-darwin/stage0/bin/rustc']
owned stage child 60669 ['/usr/bin/otool', '-arch', 'arm64', '-L', '/Users/danluu/dev/rust-interp-runtime-exporter-20260918/.work/hir-options-hash-compiler-01/source/build/aarch64-apple-darwin/stage0/lib/libLLVM.dylib']
owned stage child 62111 ['/usr/bin/otool', '-arch', 'arm64', '-l', '/Users/danluu/dev/rust-interp-runtime-exporter-20260918/.work/hir-options-hash-compiler-01/source/build/aarch64-apple-darwin/stage0/lib/libLLVM.dylib']
owned stage child 62115 ['/usr/bin/otool', '-arch', 'arm64', '-L', '/Users/danluu/dev/rust-interp-runtime-exporter-20260918/.work/hir-options-hash-compiler-01/source/build/aarch64-apple-darwin/stage0/lib/librustc_driver-9ef202210fe39e05.dylib']
owned stage child 66646 ['/usr/bin/otool', '-arch', 'arm64', '-l', '/Users/danluu/dev/rust-interp-runtime-exporter-20260918/.work/hir-options-hash-compiler-01/source/build/aarch64-apple-darwin/stage0/lib/librustc_driver-9ef202210fe39e05.dylib']
owned stage child 67222 ['/usr/bin/otool', '-arch', 'arm64', '-L', '/Users/danluu/dev/rust-interp-runtime-installation-r-20260918/.work/runtime-compilers/f031d981666f450f760ccf303dccba986053ec6b9a143a60f3d26680f9ac7c70/sysroot/bin/rustc']
owned stage child 69052 ['/usr/bin/otool', '-arch', 'arm64', '-l', '/Users/danluu/dev/rust-interp-runtime-installation-r-20260918/.work/runtime-compilers/f031d981666f450f760ccf303dccba986053ec6b9a143a60f3d26680f9ac7c70/sysroot/bin/rustc']
owned stage child 71555 ['/usr/bin/otool', '-arch', 'arm64', '-L', '/Users/danluu/dev/rust-interp-runtime-installation-r-20260918/.work/runtime-compilers/f031d981666f450f760ccf303dccba986053ec6b9a143a60f3d26680f9ac7c70/sysroot/lib/libLLVM.dylib']
owned stage child 72990 ['/usr/bin/otool', '-arch', 'arm64', '-l', '/Users/danluu/dev/rust-interp-runtime-installation-r-20260918/.work/runtime-compilers/f031d981666f450f760ccf303dccba986053ec6b9a143a60f3d26680f9ac7c70/sysroot/lib/libLLVM.dylib']
owned stage child 75145 ['/usr/bin/otool', '-arch', 'arm64', '-L', '/Users/danluu/dev/rust-interp-runtime-installation-r-20260918/.work/runtime-compilers/f031d981666f450f760ccf303dccba986053ec6b9a143a60f3d26680f9ac7c70/sysroot/lib/librustc_driver-88dbe03d702a9b6c.dylib']
owned stage child 76584 ['/usr/bin/otool', '-arch', 'arm64', '-l', '/Users/danluu/dev/rust-interp-runtime-installation-r-20260918/.work/runtime-compilers/f031d981666f450f760ccf303dccba986053ec6b9a143a60f3d26680f9ac7c70/sysroot/lib/librustc_driver-88dbe03d702a9b6c.dylib']
owned stage child 76762 ['/usr/bin/otool', '-arch', 'arm64', '-L', '/opt/homebrew/Cellar/python@3.14/3.14.7/Frameworks/Python.framework/Versions/3.14/Python']
owned stage child 78743 ['/usr/bin/otool', '-arch', 'arm64', '-l', '/opt/homebrew/Cellar/python@3.14/3.14.7/Frameworks/Python.framework/Versions/3.14/Python']
owned stage child 78748 ['/usr/bin/otool', '-arch', 'arm64', '-L', '/opt/homebrew/Cellar/python@3.14/3.14.7/Frameworks/Python.framework/Versions/3.14/bin/python3.14']
owned stage child 78812 ['/usr/bin/otool', '-arch', 'arm64', '-l', '/opt/homebrew/Cellar/python@3.14/3.14.7/Frameworks/Python.framework/Versions/3.14/bin/python3.14']
owned stage child 80505 ['/Users/danluu/dev/rust-interp-runtime-exporter-20260918/.work/hir-options-hash-compiler-01/source/build/aarch64-apple-darwin/stage0/bin/rustc', '-vV']
owned stage child 82559 ['/Users/danluu/dev/rust-interp-runtime-exporter-20260918/.work/hir-options-hash-compiler-01/source/build/aarch64-apple-darwin/stage0/bin/rustc', '--print', 'sysroot']
owned stage child 83850 ['/Users/danluu/dev/rust-interp-runtime-installation-r-20260918/.work/runtime-compilers/f031d981666f450f760ccf303dccba986053ec6b9a143a60f3d26680f9ac7c70/sysroot/bin/rustc', '-vV']
owned stage child 83864 ['/Users/danluu/dev/rust-interp-runtime-installation-r-20260918/.work/runtime-compilers/f031d981666f450f760ccf303dccba986053ec6b9a143a60f3d26680f9ac7c70/sysroot/bin/rustc', '--print', 'sysroot']
owned stage child 86332 ['/Users/danluu/.rustup/toolchains/nightly-2026-09-08-aarch64-apple-darwin/bin/cargo', '-Vv']
owned stage child 87463 ['/Users/danluu/.rustup/toolchains/nightly-2026-09-08-aarch64-apple-darwin/bin/cargo', 'metadata', '--locked', '--offline', '--format-version=1', '--manifest-path', '/Users/danluu/dev/rust-interp-runtime-exporter-20260918/.work/hir-options-hash-exporter-source-01/Cargo.toml']
owned stage child 89612 ['/usr/bin/xcode-select', '-p']
owned stage child 89615 ['/usr/bin/xcrun', '--sdk', 'macosx', '--show-sdk-path']
owned stage child 90343 ['/usr/bin/xcrun', '--sdk', 'macosx', '--find', 'clang']
owned stage child 91061 ['/usr/bin/xcrun', '--sdk', 'macosx', '--find', 'ld']
owned stage child 91064 ['/usr/bin/xcrun', '--sdk', 'macosx', '--find', 'otool']
Traceback (most recent call last):
  File "/Users/danluu/dev/rust-interp-semantic-reuse-20260913/experiments/runtime-exporter-after-installation07-01/metadata.py", line 198, in <module>
    main()
    ~~~~^^
  File "/Users/danluu/dev/rust-interp-semantic-reuse-20260913/experiments/runtime-exporter-after-installation07-01/metadata.py", line 194, in main
    Stage(c,mods,sources,args).execute()
    ~~~~~~~~~~~~~~~~~~~~~~~~~~~~~~~~~~^^
  File "/Users/danluu/dev/rust-interp-semantic-reuse-20260913/experiments/runtime-exporter-after-installation07-01/metadata.py", line 177, in execute
    self.record['result']=self.build() if self.building else self.metadata()
                                                             ~~~~~~~~~~~~~^^
  File "/Users/danluu/dev/rust-interp-semantic-reuse-20260913/experiments/runtime-exporter-after-installation07-01/metadata.py", line 148, in metadata
    roles[name]=dict(closure=closures[path],loaded=loaded_libraries(c,version['stderr'],
                                                   ~~~~~~~~~~~~~~~~^^^^^^^^^^^^^^^^^^^^^
        version['receipt']['pid'],allowed,driver[0]),version_receipt=version['path'],sysroot_receipt=root['path'])
        ^^^^^^^^^^^^^^^^^^^^^^^^^^^^^^^^^^^^^^^^^^^^
  File "/Users/danluu/dev/rust-interp-semantic-reuse-20260913/experiments/runtime-exporter-after-installation07-01/metadata.py", line 49, in loaded_libraries
    c.require(match is not None and int(match[1]) == pid,'unrecognized actual dyld observation')
    ~~~~~~~~~^^^^^^^^^^^^^^^^^^^^^^^^^^^^^^^^^^^^^^^^^^^^^^^^^^^^^^^^^^^^^^^^^^^^^^^^^^^^^^^^^^^
  File "/Users/danluu/dev/rust-interp-semantic-reuse-20260913/experiments/runtime-exporter-after-installation07-01/common.py", line 64, in require
    raise RuntimeError(message)
RuntimeError: unrecognized actual dyld observation
