warning: due to multiple output types requested, the explicitly specified output file name will be adapted for each output type

error[E0658]: use of unstable library feature `rustc_private`: this crate is being loaded from the sysroot, an unstable location; did you mean to load this crate from crates.io via `Cargo.toml` instead?
  --> /Users/danluu/dev/rust-interp-semantic-reuse-20260913/results/proc-macro-arena-crate-03/source/src/lib.rs:60:5
   |
60 |     MixedUnit, unescape_byte, unescape_byte_str, unescape_c_str, unescape_char, unescape_str,
   |     ^^^^^^^^^
   |
   = note: see issue #27812 <https://github.com/rust-lang/rust/issues/27812> for more information
   = help: add `#![feature(rustc_private)]` to the crate attributes to enable
   = note: this compiler was built on 2026-09-07; consider upgrading it if it is out of date

error[E0658]: use of unstable library feature `rustc_private`: this crate is being loaded from the sysroot, an unstable location; did you mean to load this crate from crates.io via `Cargo.toml` instead?
  --> /Users/danluu/dev/rust-interp-semantic-reuse-20260913/results/proc-macro-arena-crate-03/source/src/lib.rs:60:16
   |
60 |     MixedUnit, unescape_byte, unescape_byte_str, unescape_c_str, unescape_char, unescape_str,
   |                ^^^^^^^^^^^^^
   |
   = note: see issue #27812 <https://github.com/rust-lang/rust/issues/27812> for more information
   = help: add `#![feature(rustc_private)]` to the crate attributes to enable
   = note: this compiler was built on 2026-09-07; consider upgrading it if it is out of date

error[E0658]: use of unstable library feature `rustc_private`: this crate is being loaded from the sysroot, an unstable location; did you mean to load this crate from crates.io via `Cargo.toml` instead?
  --> /Users/danluu/dev/rust-interp-semantic-reuse-20260913/results/proc-macro-arena-crate-03/source/src/lib.rs:60:31
   |
60 |     MixedUnit, unescape_byte, unescape_byte_str, unescape_c_str, unescape_char, unescape_str,
   |                               ^^^^^^^^^^^^^^^^^
   |
   = note: see issue #27812 <https://github.com/rust-lang/rust/issues/27812> for more information
   = help: add `#![feature(rustc_private)]` to the crate attributes to enable
   = note: this compiler was built on 2026-09-07; consider upgrading it if it is out of date

error[E0658]: use of unstable library feature `rustc_private`: this crate is being loaded from the sysroot, an unstable location; did you mean to load this crate from crates.io via `Cargo.toml` instead?
  --> /Users/danluu/dev/rust-interp-semantic-reuse-20260913/results/proc-macro-arena-crate-03/source/src/lib.rs:60:50
   |
60 |     MixedUnit, unescape_byte, unescape_byte_str, unescape_c_str, unescape_char, unescape_str,
   |                                                  ^^^^^^^^^^^^^^
   |
   = note: see issue #27812 <https://github.com/rust-lang/rust/issues/27812> for more information
   = help: add `#![feature(rustc_private)]` to the crate attributes to enable
   = note: this compiler was built on 2026-09-07; consider upgrading it if it is out of date

error[E0658]: use of unstable library feature `rustc_private`: this crate is being loaded from the sysroot, an unstable location; did you mean to load this crate from crates.io via `Cargo.toml` instead?
  --> /Users/danluu/dev/rust-interp-semantic-reuse-20260913/results/proc-macro-arena-crate-03/source/src/lib.rs:60:66
   |
60 |     MixedUnit, unescape_byte, unescape_byte_str, unescape_c_str, unescape_char, unescape_str,
   |                                                                  ^^^^^^^^^^^^^
   |
   = note: see issue #27812 <https://github.com/rust-lang/rust/issues/27812> for more information
   = help: add `#![feature(rustc_private)]` to the crate attributes to enable
   = note: this compiler was built on 2026-09-07; consider upgrading it if it is out of date

error[E0658]: use of unstable library feature `rustc_private`: this crate is being loaded from the sysroot, an unstable location; did you mean to load this crate from crates.io via `Cargo.toml` instead?
  --> /Users/danluu/dev/rust-interp-semantic-reuse-20260913/results/proc-macro-arena-crate-03/source/src/lib.rs:60:81
   |
60 |     MixedUnit, unescape_byte, unescape_byte_str, unescape_c_str, unescape_char, unescape_str,
   |                                                                                 ^^^^^^^^^^^^
   |
   = note: see issue #27812 <https://github.com/rust-lang/rust/issues/27812> for more information
   = help: add `#![feature(rustc_private)]` to the crate attributes to enable
   = note: this compiler was built on 2026-09-07; consider upgrading it if it is out of date

error[E0658]: use of unstable library feature `rustc_private`: this crate is being loaded from the sysroot, an unstable location; did you mean to load this crate from crates.io via `Cargo.toml` instead?
   --> /Users/danluu/dev/rust-interp-semantic-reuse-20260913/results/proc-macro-arena-crate-03/source/src/lib.rs:131:11
    |
131 | impl From<rustc_literal_escaper::EscapeError> for EscapeError {
    |           ^^^^^^^^^^^^^^^^^^^^^^^^^^^^^^^^^^
    |
    = note: see issue #27812 <https://github.com/rust-lang/rust/issues/27812> for more information
    = help: add `#![feature(rustc_private)]` to the crate attributes to enable
    = note: this compiler was built on 2026-09-07; consider upgrading it if it is out of date

error[E0658]: use of unstable library feature `rustc_private`: this crate is being loaded from the sysroot, an unstable location; did you mean to load this crate from crates.io via `Cargo.toml` instead?
   --> /Users/danluu/dev/rust-interp-semantic-reuse-20260913/results/proc-macro-arena-crate-03/source/src/lib.rs:132:20
    |
132 |     fn from(value: rustc_literal_escaper::EscapeError) -> Self {
    |                    ^^^^^^^^^^^^^^^^^^^^^^^^^^^^^^^^^^
    |
    = note: see issue #27812 <https://github.com/rust-lang/rust/issues/27812> for more information
    = help: add `#![feature(rustc_private)]` to the crate attributes to enable
    = note: this compiler was built on 2026-09-07; consider upgrading it if it is out of date

error[E0658]: use of unstable library feature `rustc_private`: this crate is being loaded from the sysroot, an unstable location; did you mean to load this crate from crates.io via `Cargo.toml` instead?
   --> /Users/danluu/dev/rust-interp-semantic-reuse-20260913/results/proc-macro-arena-crate-03/source/src/lib.rs:136:13
    |
136 |             EE::ZeroChars => Self::ZeroChars,
    |             ^^^^^^^^^^^^^
    |
    = note: see issue #27812 <https://github.com/rust-lang/rust/issues/27812> for more information
    = help: add `#![feature(rustc_private)]` to the crate attributes to enable
    = note: this compiler was built on 2026-09-07; consider upgrading it if it is out of date

error[E0658]: use of unstable library feature `rustc_private`: this crate is being loaded from the sysroot, an unstable location; did you mean to load this crate from crates.io via `Cargo.toml` instead?
   --> /Users/danluu/dev/rust-interp-semantic-reuse-20260913/results/proc-macro-arena-crate-03/source/src/lib.rs:137:13
    |
137 |             EE::MoreThanOneChar => Self::MoreThanOneChar,
    |             ^^^^^^^^^^^^^^^^^^^
    |
    = note: see issue #27812 <https://github.com/rust-lang/rust/issues/27812> for more information
    = help: add `#![feature(rustc_private)]` to the crate attributes to enable
    = note: this compiler was built on 2026-09-07; consider upgrading it if it is out of date

error[E0658]: use of unstable library feature `rustc_private`: this crate is being loaded from the sysroot, an unstable location; did you mean to load this crate from crates.io via `Cargo.toml` instead?
   --> /Users/danluu/dev/rust-interp-semantic-reuse-20260913/results/proc-macro-arena-crate-03/source/src/lib.rs:138:13
    |
138 |             EE::LoneSlash => Self::LoneSlash,
    |             ^^^^^^^^^^^^^
    |
    = note: see issue #27812 <https://github.com/rust-lang/rust/issues/27812> for more information
    = help: add `#![feature(rustc_private)]` to the crate attributes to enable
    = note: this compiler was built on 2026-09-07; consider upgrading it if it is out of date

error[E0658]: use of unstable library feature `rustc_private`: this crate is being loaded from the sysroot, an unstable location; did you mean to load this crate from crates.io via `Cargo.toml` instead?
   --> /Users/danluu/dev/rust-interp-semantic-reuse-20260913/results/proc-macro-arena-crate-03/source/src/lib.rs:139:13
    |
139 |             EE::InvalidEscape => Self::InvalidEscape,
    |             ^^^^^^^^^^^^^^^^^
    |
    = note: see issue #27812 <https://github.com/rust-lang/rust/issues/27812> for more information
    = help: add `#![feature(rustc_private)]` to the crate attributes to enable
    = note: this compiler was built on 2026-09-07; consider upgrading it if it is out of date

error[E0658]: use of unstable library feature `rustc_private`: this crate is being loaded from the sysroot, an unstable location; did you mean to load this crate from crates.io via `Cargo.toml` instead?
   --> /Users/danluu/dev/rust-interp-semantic-reuse-20260913/results/proc-macro-arena-crate-03/source/src/lib.rs:140:13
    |
140 |             EE::BareCarriageReturn => Self::BareCarriageReturn,
    |             ^^^^^^^^^^^^^^^^^^^^^^
    |
    = note: see issue #27812 <https://github.com/rust-lang/rust/issues/27812> for more information
    = help: add `#![feature(rustc_private)]` to the crate attributes to enable
    = note: this compiler was built on 2026-09-07; consider upgrading it if it is out of date

error[E0658]: use of unstable library feature `rustc_private`: this crate is being loaded from the sysroot, an unstable location; did you mean to load this crate from crates.io via `Cargo.toml` instead?
   --> /Users/danluu/dev/rust-interp-semantic-reuse-20260913/results/proc-macro-arena-crate-03/source/src/lib.rs:141:13
    |
141 |             EE::BareCarriageReturnInRawString => Self::BareCarriageReturnInRawString,
    |             ^^^^^^^^^^^^^^^^^^^^^^^^^^^^^^^^^
    |
    = note: see issue #27812 <https://github.com/rust-lang/rust/issues/27812> for more information
    = help: add `#![feature(rustc_private)]` to the crate attributes to enable
    = note: this compiler was built on 2026-09-07; consider upgrading it if it is out of date

error[E0658]: use of unstable library feature `rustc_private`: this crate is being loaded from the sysroot, an unstable location; did you mean to load this crate from crates.io via `Cargo.toml` instead?
   --> /Users/danluu/dev/rust-interp-semantic-reuse-20260913/results/proc-macro-arena-crate-03/source/src/lib.rs:142:13
    |
142 |             EE::EscapeOnlyChar => Self::EscapeOnlyChar,
    |             ^^^^^^^^^^^^^^^^^^
    |
    = note: see issue #27812 <https://github.com/rust-lang/rust/issues/27812> for more information
    = help: add `#![feature(rustc_private)]` to the crate attributes to enable
    = note: this compiler was built on 2026-09-07; consider upgrading it if it is out of date

error[E0658]: use of unstable library feature `rustc_private`: this crate is being loaded from the sysroot, an unstable location; did you mean to load this crate from crates.io via `Cargo.toml` instead?
   --> /Users/danluu/dev/rust-interp-semantic-reuse-20260913/results/proc-macro-arena-crate-03/source/src/lib.rs:143:13
    |
143 |             EE::TooShortHexEscape => Self::TooShortHexEscape,
    |             ^^^^^^^^^^^^^^^^^^^^^
    |
    = note: see issue #27812 <https://github.com/rust-lang/rust/issues/27812> for more information
    = help: add `#![feature(rustc_private)]` to the crate attributes to enable
    = note: this compiler was built on 2026-09-07; consider upgrading it if it is out of date

error[E0658]: use of unstable library feature `rustc_private`: this crate is being loaded from the sysroot, an unstable location; did you mean to load this crate from crates.io via `Cargo.toml` instead?
   --> /Users/danluu/dev/rust-interp-semantic-reuse-20260913/results/proc-macro-arena-crate-03/source/src/lib.rs:144:13
    |
144 |             EE::InvalidCharInHexEscape => Self::InvalidCharInHexEscape,
    |             ^^^^^^^^^^^^^^^^^^^^^^^^^^
    |
    = note: see issue #27812 <https://github.com/rust-lang/rust/issues/27812> for more information
    = help: add `#![feature(rustc_private)]` to the crate attributes to enable
    = note: this compiler was built on 2026-09-07; consider upgrading it if it is out of date

error[E0658]: use of unstable library feature `rustc_private`: this crate is being loaded from the sysroot, an unstable location; did you mean to load this crate from crates.io via `Cargo.toml` instead?
   --> /Users/danluu/dev/rust-interp-semantic-reuse-20260913/results/proc-macro-arena-crate-03/source/src/lib.rs:145:13
    |
145 |             EE::OutOfRangeHexEscape => Self::OutOfRangeHexEscape,
    |             ^^^^^^^^^^^^^^^^^^^^^^^
    |
    = note: see issue #27812 <https://github.com/rust-lang/rust/issues/27812> for more information
    = help: add `#![feature(rustc_private)]` to the crate attributes to enable
    = note: this compiler was built on 2026-09-07; consider upgrading it if it is out of date

error[E0658]: use of unstable library feature `rustc_private`: this crate is being loaded from the sysroot, an unstable location; did you mean to load this crate from crates.io via `Cargo.toml` instead?
   --> /Users/danluu/dev/rust-interp-semantic-reuse-20260913/results/proc-macro-arena-crate-03/source/src/lib.rs:146:13
    |
146 |             EE::NoBraceInUnicodeEscape => Self::NoBraceInUnicodeEscape,
    |             ^^^^^^^^^^^^^^^^^^^^^^^^^^
    |
    = note: see issue #27812 <https://github.com/rust-lang/rust/issues/27812> for more information
    = help: add `#![feature(rustc_private)]` to the crate attributes to enable
    = note: this compiler was built on 2026-09-07; consider upgrading it if it is out of date

error[E0658]: use of unstable library feature `rustc_private`: this crate is being loaded from the sysroot, an unstable location; did you mean to load this crate from crates.io via `Cargo.toml` instead?
   --> /Users/danluu/dev/rust-interp-semantic-reuse-20260913/results/proc-macro-arena-crate-03/source/src/lib.rs:147:13
    |
147 |             EE::InvalidCharInUnicodeEscape => Self::InvalidCharInUnicodeEscape,
    |             ^^^^^^^^^^^^^^^^^^^^^^^^^^^^^^
    |
    = note: see issue #27812 <https://github.com/rust-lang/rust/issues/27812> for more information
    = help: add `#![feature(rustc_private)]` to the crate attributes to enable
    = note: this compiler was built on 2026-09-07; consider upgrading it if it is out of date

error[E0658]: use of unstable library feature `rustc_private`: this crate is being loaded from the sysroot, an unstable location; did you mean to load this crate from crates.io via `Cargo.toml` instead?
   --> /Users/danluu/dev/rust-interp-semantic-reuse-20260913/results/proc-macro-arena-crate-03/source/src/lib.rs:148:13
    |
148 |             EE::EmptyUnicodeEscape => Self::EmptyUnicodeEscape,
    |             ^^^^^^^^^^^^^^^^^^^^^^
    |
    = note: see issue #27812 <https://github.com/rust-lang/rust/issues/27812> for more information
    = help: add `#![feature(rustc_private)]` to the crate attributes to enable
    = note: this compiler was built on 2026-09-07; consider upgrading it if it is out of date

error[E0658]: use of unstable library feature `rustc_private`: this crate is being loaded from the sysroot, an unstable location; did you mean to load this crate from crates.io via `Cargo.toml` instead?
   --> /Users/danluu/dev/rust-interp-semantic-reuse-20260913/results/proc-macro-arena-crate-03/source/src/lib.rs:149:13
    |
149 |             EE::UnclosedUnicodeEscape => Self::UnclosedUnicodeEscape,
    |             ^^^^^^^^^^^^^^^^^^^^^^^^^
    |
    = note: see issue #27812 <https://github.com/rust-lang/rust/issues/27812> for more information
    = help: add `#![feature(rustc_private)]` to the crate attributes to enable
    = note: this compiler was built on 2026-09-07; consider upgrading it if it is out of date

error[E0658]: use of unstable library feature `rustc_private`: this crate is being loaded from the sysroot, an unstable location; did you mean to load this crate from crates.io via `Cargo.toml` instead?
   --> /Users/danluu/dev/rust-interp-semantic-reuse-20260913/results/proc-macro-arena-crate-03/source/src/lib.rs:150:13
    |
150 |             EE::LeadingUnderscoreUnicodeEscape => Self::LeadingUnderscoreUnicodeEscape,
    |             ^^^^^^^^^^^^^^^^^^^^^^^^^^^^^^^^^^
    |
    = note: see issue #27812 <https://github.com/rust-lang/rust/issues/27812> for more information
    = help: add `#![feature(rustc_private)]` to the crate attributes to enable
    = note: this compiler was built on 2026-09-07; consider upgrading it if it is out of date

error[E0658]: use of unstable library feature `rustc_private`: this crate is being loaded from the sysroot, an unstable location; did you mean to load this crate from crates.io via `Cargo.toml` instead?
   --> /Users/danluu/dev/rust-interp-semantic-reuse-20260913/results/proc-macro-arena-crate-03/source/src/lib.rs:151:13
    |
151 |             EE::OverlongUnicodeEscape => Self::OverlongUnicodeEscape,
    |             ^^^^^^^^^^^^^^^^^^^^^^^^^
    |
    = note: see issue #27812 <https://github.com/rust-lang/rust/issues/27812> for more information
    = help: add `#![feature(rustc_private)]` to the crate attributes to enable
    = note: this compiler was built on 2026-09-07; consider upgrading it if it is out of date

error[E0658]: use of unstable library feature `rustc_private`: this crate is being loaded from the sysroot, an unstable location; did you mean to load this crate from crates.io via `Cargo.toml` instead?
   --> /Users/danluu/dev/rust-interp-semantic-reuse-20260913/results/proc-macro-arena-crate-03/source/src/lib.rs:152:13
    |
152 |             EE::LoneSurrogateUnicodeEscape => Self::LoneSurrogateUnicodeEscape,
    |             ^^^^^^^^^^^^^^^^^^^^^^^^^^^^^^
    |
    = note: see issue #27812 <https://github.com/rust-lang/rust/issues/27812> for more information
    = help: add `#![feature(rustc_private)]` to the crate attributes to enable
    = note: this compiler was built on 2026-09-07; consider upgrading it if it is out of date

error[E0658]: use of unstable library feature `rustc_private`: this crate is being loaded from the sysroot, an unstable location; did you mean to load this crate from crates.io via `Cargo.toml` instead?
   --> /Users/danluu/dev/rust-interp-semantic-reuse-20260913/results/proc-macro-arena-crate-03/source/src/lib.rs:153:13
    |
153 |             EE::OutOfRangeUnicodeEscape => Self::OutOfRangeUnicodeEscape,
    |             ^^^^^^^^^^^^^^^^^^^^^^^^^^^
    |
    = note: see issue #27812 <https://github.com/rust-lang/rust/issues/27812> for more information
    = help: add `#![feature(rustc_private)]` to the crate attributes to enable
    = note: this compiler was built on 2026-09-07; consider upgrading it if it is out of date

error[E0658]: use of unstable library feature `rustc_private`: this crate is being loaded from the sysroot, an unstable location; did you mean to load this crate from crates.io via `Cargo.toml` instead?
   --> /Users/danluu/dev/rust-interp-semantic-reuse-20260913/results/proc-macro-arena-crate-03/source/src/lib.rs:154:13
    |
154 |             EE::UnicodeEscapeInByte => Self::UnicodeEscapeInByte,
    |             ^^^^^^^^^^^^^^^^^^^^^^^
    |
    = note: see issue #27812 <https://github.com/rust-lang/rust/issues/27812> for more information
    = help: add `#![feature(rustc_private)]` to the crate attributes to enable
    = note: this compiler was built on 2026-09-07; consider upgrading it if it is out of date

error[E0658]: use of unstable library feature `rustc_private`: this crate is being loaded from the sysroot, an unstable location; did you mean to load this crate from crates.io via `Cargo.toml` instead?
   --> /Users/danluu/dev/rust-interp-semantic-reuse-20260913/results/proc-macro-arena-crate-03/source/src/lib.rs:155:13
    |
155 |             EE::NonAsciiCharInByte => Self::NonAsciiCharInByte,
    |             ^^^^^^^^^^^^^^^^^^^^^^
    |
    = note: see issue #27812 <https://github.com/rust-lang/rust/issues/27812> for more information
    = help: add `#![feature(rustc_private)]` to the crate attributes to enable
    = note: this compiler was built on 2026-09-07; consider upgrading it if it is out of date

error[E0658]: use of unstable library feature `rustc_private`: this crate is being loaded from the sysroot, an unstable location; did you mean to load this crate from crates.io via `Cargo.toml` instead?
   --> /Users/danluu/dev/rust-interp-semantic-reuse-20260913/results/proc-macro-arena-crate-03/source/src/lib.rs:156:13
    |
156 |             EE::NulInCStr => Self::NulInCStr,
    |             ^^^^^^^^^^^^^
    |
    = note: see issue #27812 <https://github.com/rust-lang/rust/issues/27812> for more information
    = help: add `#![feature(rustc_private)]` to the crate attributes to enable
    = note: this compiler was built on 2026-09-07; consider upgrading it if it is out of date

error[E0658]: use of unstable library feature `rustc_private`: this crate is being loaded from the sysroot, an unstable location; did you mean to load this crate from crates.io via `Cargo.toml` instead?
   --> /Users/danluu/dev/rust-interp-semantic-reuse-20260913/results/proc-macro-arena-crate-03/source/src/lib.rs:157:13
    |
157 |             EE::UnskippedWhitespaceWarning => Self::UnskippedWhitespaceWarning,
    |             ^^^^^^^^^^^^^^^^^^^^^^^^^^^^^^
    |
    = note: see issue #27812 <https://github.com/rust-lang/rust/issues/27812> for more information
    = help: add `#![feature(rustc_private)]` to the crate attributes to enable
    = note: this compiler was built on 2026-09-07; consider upgrading it if it is out of date

error[E0658]: use of unstable library feature `rustc_private`: this crate is being loaded from the sysroot, an unstable location; did you mean to load this crate from crates.io via `Cargo.toml` instead?
   --> /Users/danluu/dev/rust-interp-semantic-reuse-20260913/results/proc-macro-arena-crate-03/source/src/lib.rs:158:13
    |
158 |             EE::MultipleSkippedLinesWarning => Self::MultipleSkippedLinesWarning,
    |             ^^^^^^^^^^^^^^^^^^^^^^^^^^^^^^^
    |
    = note: see issue #27812 <https://github.com/rust-lang/rust/issues/27812> for more information
    = help: add `#![feature(rustc_private)]` to the crate attributes to enable
    = note: this compiler was built on 2026-09-07; consider upgrading it if it is out of date

error[E0658]: use of unstable library feature `rustc_private`: this crate is being loaded from the sysroot, an unstable location; did you mean to load this crate from crates.io via `Cargo.toml` instead?
    --> /Users/danluu/dev/rust-interp-semantic-reuse-20260913/results/proc-macro-arena-crate-03/source/src/lib.rs:1649:38
     |
1649 |             bridge::LitKind::Byte => unescape_byte(symbol)
     |                                      ^^^^^^^^^^^^^
     |
     = note: see issue #27812 <https://github.com/rust-lang/rust/issues/27812> for more information
     = help: add `#![feature(rustc_private)]` to the crate attributes to enable
     = note: this compiler was built on 2026-09-07; consider upgrading it if it is out of date

error[E0658]: use of unstable library feature `rustc_private`: this crate is being loaded from the sysroot, an unstable location; did you mean to load this crate from crates.io via `Cargo.toml` instead?
    --> /Users/danluu/dev/rust-interp-semantic-reuse-20260913/results/proc-macro-arena-crate-03/source/src/lib.rs:1659:38
     |
1659 |             bridge::LitKind::Char => unescape_char(symbol)
     |                                      ^^^^^^^^^^^^^
     |
     = note: see issue #27812 <https://github.com/rust-lang/rust/issues/27812> for more information
     = help: add `#![feature(rustc_private)]` to the crate attributes to enable
     = note: this compiler was built on 2026-09-07; consider upgrading it if it is out of date

error[E0658]: use of unstable library feature `rustc_private`: this crate is being loaded from the sysroot, an unstable location; did you mean to load this crate from crates.io via `Cargo.toml` instead?
    --> /Users/danluu/dev/rust-interp-semantic-reuse-20260913/results/proc-macro-arena-crate-03/source/src/lib.rs:1676:21
     |
1676 |                     unescape_str(
     |                     ^^^^^^^^^^^^
     |
     = note: see issue #27812 <https://github.com/rust-lang/rust/issues/27812> for more information
     = help: add `#![feature(rustc_private)]` to the crate attributes to enable
     = note: this compiler was built on 2026-09-07; consider upgrading it if it is out of date

error[E0658]: use of unstable library feature `rustc_private`: this crate is being loaded from the sysroot, an unstable location; did you mean to load this crate from crates.io via `Cargo.toml` instead?
    --> /Users/danluu/dev/rust-interp-semantic-reuse-20260913/results/proc-macro-arena-crate-03/source/src/lib.rs:1707:17
     |
1707 |                 unescape_c_str(symbol, |_span, res| match res {
     |                 ^^^^^^^^^^^^^^
     |
     = note: see issue #27812 <https://github.com/rust-lang/rust/issues/27812> for more information
     = help: add `#![feature(rustc_private)]` to the crate attributes to enable
     = note: this compiler was built on 2026-09-07; consider upgrading it if it is out of date

error[E0658]: use of unstable library feature `rustc_private`: this crate is being loaded from the sysroot, an unstable location; did you mean to load this crate from crates.io via `Cargo.toml` instead?
    --> /Users/danluu/dev/rust-interp-semantic-reuse-20260913/results/proc-macro-arena-crate-03/source/src/lib.rs:1708:24
     |
1708 |                     Ok(MixedUnit::Char(c)) => {
     |                        ^^^^^^^^^^^^^^^
     |
     = note: see issue #27812 <https://github.com/rust-lang/rust/issues/27812> for more information
     = help: add `#![feature(rustc_private)]` to the crate attributes to enable
     = note: this compiler was built on 2026-09-07; consider upgrading it if it is out of date

error[E0658]: use of unstable library feature `rustc_private`: this crate is being loaded from the sysroot, an unstable location; did you mean to load this crate from crates.io via `Cargo.toml` instead?
    --> /Users/danluu/dev/rust-interp-semantic-reuse-20260913/results/proc-macro-arena-crate-03/source/src/lib.rs:1711:24
     |
1711 |                     Ok(MixedUnit::HighByte(b)) => buf.push(b.get()),
     |                        ^^^^^^^^^^^^^^^^^^^
     |
     = note: see issue #27812 <https://github.com/rust-lang/rust/issues/27812> for more information
     = help: add `#![feature(rustc_private)]` to the crate attributes to enable
     = note: this compiler was built on 2026-09-07; consider upgrading it if it is out of date

error[E0658]: use of unstable library feature `rustc_private`: this crate is being loaded from the sysroot, an unstable location; did you mean to load this crate from crates.io via `Cargo.toml` instead?
    --> /Users/danluu/dev/rust-interp-semantic-reuse-20260913/results/proc-macro-arena-crate-03/source/src/lib.rs:1746:17
     |
1746 |                 unescape_byte_str(symbol, |_, res| match res {
     |                 ^^^^^^^^^^^^^^^^^
     |
     = note: see issue #27812 <https://github.com/rust-lang/rust/issues/27812> for more information
     = help: add `#![feature(rustc_private)]` to the crate attributes to enable
     = note: this compiler was built on 2026-09-07; consider upgrading it if it is out of date

error[E0658]: use of unstable library feature `rustc_private`: this crate is being loaded from the sysroot, an unstable location; did you mean to load this crate from crates.io via `Cargo.toml` instead?
    --> /Users/danluu/dev/rust-interp-semantic-reuse-20260913/results/proc-macro-arena-crate-03/source/src/lib.rs:1682:40
     |
1682 | ...                   if err.is_fatal() {
     |                              ^^^^^^^^
     |
     = note: see issue #27812 <https://github.com/rust-lang/rust/issues/27812> for more information
     = help: add `#![feature(rustc_private)]` to the crate attributes to enable
     = note: this compiler was built on 2026-09-07; consider upgrading it if it is out of date

error[E0658]: use of unstable library feature `rustc_private`: this crate is being loaded from the sysroot, an unstable location; did you mean to load this crate from crates.io via `Cargo.toml` instead?
    --> /Users/danluu/dev/rust-interp-semantic-reuse-20260913/results/proc-macro-arena-crate-03/source/src/lib.rs:1708:40
     |
1708 |                     Ok(MixedUnit::Char(c)) => {
     |                                        ^
     |
     = note: see issue #27812 <https://github.com/rust-lang/rust/issues/27812> for more information
     = help: add `#![feature(rustc_private)]` to the crate attributes to enable
     = note: this compiler was built on 2026-09-07; consider upgrading it if it is out of date

error[E0658]: use of unstable library feature `rustc_private`: this crate is being loaded from the sysroot, an unstable location; did you mean to load this crate from crates.io via `Cargo.toml` instead?
    --> /Users/danluu/dev/rust-interp-semantic-reuse-20260913/results/proc-macro-arena-crate-03/source/src/lib.rs:1711:44
     |
1711 |                     Ok(MixedUnit::HighByte(b)) => buf.push(b.get()),
     |                                            ^
     |
     = note: see issue #27812 <https://github.com/rust-lang/rust/issues/27812> for more information
     = help: add `#![feature(rustc_private)]` to the crate attributes to enable
     = note: this compiler was built on 2026-09-07; consider upgrading it if it is out of date

error[E0658]: use of unstable library feature `rustc_private`: this crate is being loaded from the sysroot, an unstable location; did you mean to load this crate from crates.io via `Cargo.toml` instead?
    --> /Users/danluu/dev/rust-interp-semantic-reuse-20260913/results/proc-macro-arena-crate-03/source/src/lib.rs:1713:32
     |
1713 |                         if err.is_fatal() {
     |                                ^^^^^^^^
     |
     = note: see issue #27812 <https://github.com/rust-lang/rust/issues/27812> for more information
     = help: add `#![feature(rustc_private)]` to the crate attributes to enable
     = note: this compiler was built on 2026-09-07; consider upgrading it if it is out of date

error[E0658]: use of unstable library feature `rustc_private`: this crate is being loaded from the sysroot, an unstable location; did you mean to load this crate from crates.io via `Cargo.toml` instead?
    --> /Users/danluu/dev/rust-interp-semantic-reuse-20260913/results/proc-macro-arena-crate-03/source/src/lib.rs:1749:32
     |
1749 |                         if err.is_fatal() {
     |                                ^^^^^^^^
     |
     = note: see issue #27812 <https://github.com/rust-lang/rust/issues/27812> for more information
     = help: add `#![feature(rustc_private)]` to the crate attributes to enable
     = note: this compiler was built on 2026-09-07; consider upgrading it if it is out of date

error: aborting due to 43 previous errors; 1 warning emitted

For more information about this error, try `rustc --explain E0658`.
