native 0 0 cold-original 28.481
baseline 0 0 cold-original 26.543
candidate 0 0 cold-original 27.537
check-floor 0 0 17.696
candidate 0 -1 reject-valid-rule-codes 3.386
baseline 0 -1 reject-valid-rule-codes 3.291
native 0 -1 reject-valid-rule-codes 6.55
check-floor 0 -1 3.085
native 0 1 match-optional-rule-code-explicitly 6.028
baseline 0 1 match-optional-rule-code-explicitly 3.216
candidate 0 1 match-optional-rule-code-explicitly 3.255
check-floor 0 1 2.939
native 0 2 make-name-conversion-explicit 6.141
candidate 0 2 make-name-conversion-explicit 3.201
baseline 0 2 make-name-conversion-explicit 3.175
check-floor 0 2 2.931
baseline 0 3 match-linter-prefix-result-explicitly 3.274
native 0 3 match-linter-prefix-result-explicitly 5.154
candidate 0 3 match-linter-prefix-result-explicitly 3.261
check-floor 0 3 2.975
candidate 0 4 name-code-suffix-before-comparison 2.851
native 0 4 name-code-suffix-before-comparison 4.953
baseline 0 4 name-code-suffix-before-comparison 3.348
check-floor 0 4 3.049
baseline 0 5 use-explicit-rule-search-loop 4.56
candidate 0 5 use-explicit-rule-search-loop 4.096
native 0 5 use-explicit-rule-search-loop 12.11
check-floor 0 5 8.185
Traceback (most recent call last):
  File "/Users/danluu/dev/rust-interp/scripts/bench_e2e_workflow.py", line 521, in <module>
    if __name__=='__main__':main()
  File "/Users/danluu/dev/rust-interp/scripts/bench_e2e_workflow.py", line 386, in main
    invoke(mode,sample)
  File "/Users/danluu/dev/rust-interp/scripts/bench_e2e_workflow.py", line 276, in invoke
    require_space(work,args.minimum_free_gib)
  File "/Users/danluu/dev/rust-interp/scripts/workflow_io.py", line 35, in require_space
    raise RuntimeError(f'insufficient free disk: {free} bytes; no child started or automatic cleanup attempted')
RuntimeError: insufficient free disk: 7517466624 bytes; no child started or automatic cleanup attempted
