Traceback (most recent call last):
  File "/Users/danluu/dev/rust-interp/benchmarks/experiments/session-template-phases/qualify_completed.py", line 96, in <module>
    main()
    ~~~~^^
  File "/Users/danluu/dev/rust-interp/benchmarks/experiments/session-template-phases/qualify_completed.py", line 43, in main
    for p,h in r['outputs'].items():bind(ROOT/p,h)
                                    ~~~~^^^^^^^^^^
  File "/Users/danluu/dev/rust-interp/benchmarks/experiments/session-template-phases/qualify_completed.py", line 23, in bind
    return read(p) if p.suffix=='.json' else h
           ~~~~^^^
  File "/Users/danluu/dev/rust-interp/benchmarks/experiments/session-template-phases/qualify_completed.py", line 10, in read
    def read(p):return json.loads(p.read_text())
                       ~~~~~~~~~~^^^^^^^^^^^^^^^
  File "/opt/homebrew/Cellar/python@3.14/3.14.7/Frameworks/Python.framework/Versions/3.14/lib/python3.14/json/__init__.py", line 352, in loads
    return _default_decoder.decode(s)
           ~~~~~~~~~~~~~~~~~~~~~~~^^^
  File "/opt/homebrew/Cellar/python@3.14/3.14.7/Frameworks/Python.framework/Versions/3.14/lib/python3.14/json/decoder.py", line 345, in decode
    obj, end = self.raw_decode(s, idx=_w(s, 0).end())
               ~~~~~~~~~~~~~~~^^^^^^^^^^^^^^^^^^^^^^^
  File "/opt/homebrew/Cellar/python@3.14/3.14.7/Frameworks/Python.framework/Versions/3.14/lib/python3.14/json/decoder.py", line 363, in raw_decode
    raise JSONDecodeError("Expecting value", s, err.value) from None
json.decoder.JSONDecodeError: Expecting value: line 1 column 1 (char 0)
