test_deadline_interrupt_then_revalidated_kill (test_deadline.DeadlineControls.test_deadline_interrupt_then_revalidated_kill) ... ok
test_exit_during_identity_check_does_not_claim_a_signal (test_deadline.DeadlineControls.test_exit_during_identity_check_does_not_claim_a_signal) ... ok
test_initial_identity_capture_consumes_same_deadline (test_deadline.DeadlineControls.test_initial_identity_capture_consumes_same_deadline) ... ok
test_invalid_limits_rejected_without_wait (test_deadline.DeadlineControls.test_invalid_limits_rejected_without_wait) ... ok
test_kill_wait_is_also_finite (test_deadline.DeadlineControls.test_kill_wait_is_also_finite) ... ok
test_late_exit_is_not_a_pass (test_deadline.DeadlineControls.test_late_exit_is_not_a_pass) ... ok
test_ordinary_exit_has_no_signal (test_deadline.DeadlineControls.test_ordinary_exit_has_no_signal) ... ok
test_poll_failure_with_identity_refusal_has_finite_unresolved_result (test_deadline.DeadlineControls.test_poll_failure_with_identity_refusal_has_finite_unresolved_result) ... ok
test_publication_failure_does_not_disable_timeout (test_deadline.DeadlineControls.test_publication_failure_does_not_disable_timeout) ... ok
test_refused_identity_never_retries_signal (test_deadline.DeadlineControls.test_refused_identity_never_retries_signal) ... ok
test_resource_stop_retains_reason_and_monitoring (test_deadline.DeadlineControls.test_resource_stop_retains_reason_and_monitoring) ... ok
test_sample_failure_does_not_disable_timeout (test_deadline.DeadlineControls.test_sample_failure_does_not_disable_timeout) ... ok
test_wait_failure_keeps_finite_deadlines (test_deadline.DeadlineControls.test_wait_failure_keeps_finite_deadlines) ... ok
test_inherits_exact_lock_and_fresh_session (test_owned_driver.Adapter.test_inherits_exact_lock_and_fresh_session) ... ok
test_launch_failure_is_retained (test_owned_driver.Adapter.test_launch_failure_is_retained) ... ok
test_probe_timeout_keeps_its_lock_without_any_signal (test_owned_driver.Adapter.test_probe_timeout_keeps_its_lock_without_any_signal) ... ok
test_signal_proof_published_before_exact_owned_signal (test_owned_driver.Adapter.test_signal_proof_published_before_exact_owned_signal) ... ok
test_signal_refuses_unproved_group (test_owned_driver.Adapter.test_signal_refuses_unproved_group) ... ok
test_unresolved_child_has_no_false_completion_or_final_hash (test_owned_driver.Adapter.test_unresolved_child_has_no_false_completion_or_final_hash) ... ok
test_exact_singleton_with_unrelated_processes (test_owned_driver.OwnedProof.test_exact_singleton_with_unrelated_processes) ... ok
test_rejects_changed_cwd_or_cwd_pid (test_owned_driver.OwnedProof.test_rejects_changed_cwd_or_cwd_pid) ... ok
test_rejects_extra_even_descendant_group_member (test_owned_driver.OwnedProof.test_rejects_extra_even_descendant_group_member) ... ok
test_rejects_identity_probe_failures (test_owned_driver.OwnedProof.test_rejects_identity_probe_failures) ... ok
test_rejects_missing_duplicate_or_malformed_table (test_owned_driver.OwnedProof.test_rejects_missing_duplicate_or_malformed_table) ... ok
test_rejects_reused_pid_or_changed_identity (test_owned_driver.OwnedProof.test_rejects_reused_pid_or_changed_identity) ... ok

----------------------------------------------------------------------
Ran 25 tests in 0.008s

OK
