owned stage child 26042 ['/usr/bin/xcode-select', '-p']
owned stage child 26770 ['/usr/bin/xcrun', '--sdk', 'macosx', '--show-sdk-path']
owned stage child 26778 ['/usr/bin/xcrun', '--sdk', 'macosx', '--find', 'clang']
owned stage child 29710 ['/usr/bin/xcrun', '--sdk', 'macosx', '--find', 'ld']
owned stage child 31931 ['/usr/bin/xcrun', '--sdk', 'macosx', '--find', 'otool']
owned stage child 33450 ['/usr/bin/otool', '-arch', 'arm64', '-L', '/Applications/Xcode.app/Contents/Developer/Toolchains/XcodeDefault.xctoolchain/usr/bin/clang']
owned stage child 33953 ['/usr/bin/otool', '-arch', 'arm64', '-l', '/Applications/Xcode.app/Contents/Developer/Toolchains/XcodeDefault.xctoolchain/usr/bin/clang']
owned stage child 36833 ['/usr/bin/otool', '-arch', 'arm64', '-L', '/Users/danluu/.rustup/toolchains/nightly-2026-09-08-aarch64-apple-darwin/bin/cargo']
owned stage child 36842 ['/usr/bin/otool', '-arch', 'arm64', '-l', '/Users/danluu/.rustup/toolchains/nightly-2026-09-08-aarch64-apple-darwin/bin/cargo']
owned stage child 38279 ['/usr/bin/otool', '-arch', 'arm64', '-L', '/Users/danluu/dev/rust-interp-runtime-exporter-20260918/.work/hir-options-hash-compiler-01/source/build/aarch64-apple-darwin/stage0/bin/rustc']
owned stage child 39892 ['/usr/bin/otool', '-arch', 'arm64', '-l', '/Users/danluu/dev/rust-interp-runtime-exporter-20260918/.work/hir-options-hash-compiler-01/source/build/aarch64-apple-darwin/stage0/bin/rustc']
owned stage child 45026 ['/usr/bin/otool', '-arch', 'arm64', '-L', '/Users/danluu/dev/rust-interp-runtime-exporter-20260918/.work/hir-options-hash-compiler-01/source/build/aarch64-apple-darwin/stage0/lib/libLLVM.dylib']
owned stage child 46882 ['/usr/bin/otool', '-arch', 'arm64', '-l', '/Users/danluu/dev/rust-interp-runtime-exporter-20260918/.work/hir-options-hash-compiler-01/source/build/aarch64-apple-darwin/stage0/lib/libLLVM.dylib']
owned stage child 48066 ['/usr/bin/otool', '-arch', 'arm64', '-L', '/Users/danluu/dev/rust-interp-runtime-exporter-20260918/.work/hir-options-hash-compiler-01/source/build/aarch64-apple-darwin/stage0/lib/librustc_driver-9ef202210fe39e05.dylib']
owned stage child 48390 ['/usr/bin/otool', '-arch', 'arm64', '-l', '/Users/danluu/dev/rust-interp-runtime-exporter-20260918/.work/hir-options-hash-compiler-01/source/build/aarch64-apple-darwin/stage0/lib/librustc_driver-9ef202210fe39e05.dylib']
owned stage child 50983 ['/usr/bin/otool', '-arch', 'arm64', '-L', '/Users/danluu/dev/rust-interp-runtime-installation-r-20260918/.work/runtime-compilers/f031d981666f450f760ccf303dccba986053ec6b9a143a60f3d26680f9ac7c70/sysroot/bin/rustc']
owned stage child 51968 ['/usr/bin/otool', '-arch', 'arm64', '-l', '/Users/danluu/dev/rust-interp-runtime-installation-r-20260918/.work/runtime-compilers/f031d981666f450f760ccf303dccba986053ec6b9a143a60f3d26680f9ac7c70/sysroot/bin/rustc']
owned stage child 53398 ['/usr/bin/otool', '-arch', 'arm64', '-L', '/Users/danluu/dev/rust-interp-runtime-installation-r-20260918/.work/runtime-compilers/f031d981666f450f760ccf303dccba986053ec6b9a143a60f3d26680f9ac7c70/sysroot/lib/libLLVM.dylib']
owned stage child 53539 ['/usr/bin/otool', '-arch', 'arm64', '-l', '/Users/danluu/dev/rust-interp-runtime-installation-r-20260918/.work/runtime-compilers/f031d981666f450f760ccf303dccba986053ec6b9a143a60f3d26680f9ac7c70/sysroot/lib/libLLVM.dylib']
owned stage child 54126 ['/usr/bin/otool', '-arch', 'arm64', '-L', '/Users/danluu/dev/rust-interp-runtime-installation-r-20260918/.work/runtime-compilers/f031d981666f450f760ccf303dccba986053ec6b9a143a60f3d26680f9ac7c70/sysroot/lib/librustc_driver-88dbe03d702a9b6c.dylib']
owned stage child 55564 ['/usr/bin/otool', '-arch', 'arm64', '-l', '/Users/danluu/dev/rust-interp-runtime-installation-r-20260918/.work/runtime-compilers/f031d981666f450f760ccf303dccba986053ec6b9a143a60f3d26680f9ac7c70/sysroot/lib/librustc_driver-88dbe03d702a9b6c.dylib']
owned stage child 57456 ['/usr/bin/otool', '-arch', 'arm64', '-L', '/opt/homebrew/Cellar/python@3.14/3.14.7/Frameworks/Python.framework/Versions/3.14/Python']
owned stage child 59093 ['/usr/bin/otool', '-arch', 'arm64', '-l', '/opt/homebrew/Cellar/python@3.14/3.14.7/Frameworks/Python.framework/Versions/3.14/Python']
owned stage child 60250 ['/usr/bin/otool', '-arch', 'arm64', '-L', '/opt/homebrew/Cellar/python@3.14/3.14.7/Frameworks/Python.framework/Versions/3.14/bin/python3.14']
owned stage child 60258 ['/usr/bin/otool', '-arch', 'arm64', '-l', '/opt/homebrew/Cellar/python@3.14/3.14.7/Frameworks/Python.framework/Versions/3.14/bin/python3.14']
owned stage child 60998 ['/Users/danluu/dev/rust-interp-runtime-exporter-20260918/.work/hir-options-hash-compiler-01/source/build/aarch64-apple-darwin/stage0/bin/rustc', '-vV']
owned stage child 62772 ['/Users/danluu/dev/rust-interp-runtime-exporter-20260918/.work/hir-options-hash-compiler-01/source/build/aarch64-apple-darwin/stage0/bin/rustc', '--print', 'sysroot']
owned stage child 66046 ['/Users/danluu/dev/rust-interp-runtime-installation-r-20260918/.work/runtime-compilers/f031d981666f450f760ccf303dccba986053ec6b9a143a60f3d26680f9ac7c70/sysroot/bin/rustc', '-vV']
owned stage child 66050 ['/Users/danluu/dev/rust-interp-runtime-installation-r-20260918/.work/runtime-compilers/f031d981666f450f760ccf303dccba986053ec6b9a143a60f3d26680f9ac7c70/sysroot/bin/rustc', '--print', 'sysroot']
owned stage child 66775 ['/Users/danluu/.rustup/toolchains/nightly-2026-09-08-aarch64-apple-darwin/bin/cargo', '-Vv']
owned stage child 67698 ['/Users/danluu/.rustup/toolchains/nightly-2026-09-08-aarch64-apple-darwin/bin/cargo', 'metadata', '--locked', '--offline', '--format-version=1', '--manifest-path', '/Users/danluu/dev/rust-interp-runtime-exporter-20260918/.work/host-wrapper-exporter-source-01/Cargo.toml']
owned stage child 68242 ['/usr/bin/xcode-select', '-p']
owned stage child 68982 ['/usr/bin/xcrun', '--sdk', 'macosx', '--show-sdk-path']
owned stage child 69798 ['/usr/bin/xcrun', '--sdk', 'macosx', '--find', 'clang']
owned stage child 71396 ['/usr/bin/xcrun', '--sdk', 'macosx', '--find', 'ld']
owned stage child 71871 ['/usr/bin/xcrun', '--sdk', 'macosx', '--find', 'otool']
