{
  "status": "passed",
  "input_retirement_sha256": "2b1e08ea14a86eb19563c85fca8a479f1daca563ff92f324752ea19e023aac05",
  "inspected_sha256": "a52e05c65c2d0063d158a7fcb042607a45e925c7dd8c52160f4cf0ab09105002",
  "selected": 258,
  "excluded": 146,
  "exclusion_reasons": {
    "hardlink count exceeds proposed names": 73,
    "preserved dependency inode": 73
  },
  "protected_metadata_entries": 63448,
  "retained_proof_records": 85,
  "retained_proof_payload_bytes": 37896662,
  "failed_inventory": {
    "status": "failed",
    "helper": 27804,
    "supervisor": 27801,
    "partial_payloads": 25
  },
  "retirement": {
    "helper": 20676,
    "supervisor": 20672,
    "admitted_at": 1789334097.749704,
    "finished_at": 1789334108.4968581,
    "free_bytes_before": 17532735488,
    "free_bytes_after": 21014859776,
    "observed_free_space_increase": 3482124288,
    "selected_allocated_bytes": 3484483584,
    "directories_removed": 0
  },
  "verification_scope": "Saved cleanup receipts and metadata; no current compiler/dependency inspection or new deletion.",
  "quiescence_scope": "Only saved empty matching subsets, command receipts and raw hashes/counts; full host process/handle tables were not retained.",
  "protected_binary_payloads_archived": 0,
  "archive": {
    "path": "evidence.tar.gz",
    "members": 152,
    "bytes": 15678110,
    "sha256": "0307c938609d56f1248745839436332450538a618b49174a32efab3b7c44da87",
    "all_member_hashes_verified": true
  }
}
