baseline 0 0 cold-original 49.099
candidate 0 0 cold-original 50.669
native 0 0 cold-original 50.628
check-floor 0 0 33.054
native 0 -1 reverse-top-type-relation 6.069
candidate 0 -1 reverse-top-type-relation 5.893
baseline 0 -1 reverse-top-type-relation 6.437
check-floor 0 -1 3.593
baseline 0 1 generalize-list-constructor-input 7.183
candidate 0 1 generalize-list-constructor-input 7.056
native 0 1 generalize-list-constructor-input 10.414
check-floor 0 1 4.01
candidate 1 0 cycle-original 7.325
native 1 0 cycle-original 11.232
baseline 1 0 cycle-original 7.927
check-floor 1 0 3.971
candidate 1 -1 reverse-top-type-relation 10.888
baseline 1 -1 reverse-top-type-relation 14.998
native 1 -1 reverse-top-type-relation 11.399
check-floor 1 -1 5.138
candidate 1 1 generalize-list-constructor-input 10.107
native 1 1 generalize-list-constructor-input 12.596
baseline 1 1 generalize-list-constructor-input 10.041
check-floor 1 1 4.604
native 2 0 cycle-original 12.433
baseline 2 0 cycle-original 8.753
candidate 2 0 cycle-original 8.901
check-floor 2 0 4.411
baseline 2 -1 reverse-top-type-relation 8.168
native 2 -1 reverse-top-type-relation 10.5
candidate 2 -1 reverse-top-type-relation 9.284
check-floor 2 -1 5.503
native 2 1 generalize-list-constructor-input 14.817
baseline 2 1 generalize-list-constructor-input 10.113
candidate 2 1 generalize-list-constructor-input 9.916
check-floor 2 1 4.957
native 3 -2 restored-original 13.121
candidate 3 -2 restored-original 9.665
baseline 3 -2 restored-original 9.476
check-floor 3 -2 5.073
/Users/danluu/dev/rust-interp-perf-20260912/results/owned-analysis-confirm-nushell-generic-20260912-01/summary.md
