native 0 0 cold-original 0.833
baseline 0 0 cold-original 0.585
candidate 0 0 cold-original 0.579
check-floor 0 0 0.454
candidate 0 -1 break-hash-multiplier 0.588
baseline 0 -1 break-hash-multiplier 0.583
native 0 -1 break-hash-multiplier 0.681
check-floor 0 -1 0.415
native 0 1 name-inverse-xorshift-intermediate 0.687
baseline 0 1 name-inverse-xorshift-intermediate 0.58
candidate 0 1 name-inverse-xorshift-intermediate 0.602
check-floor 0 1 0.439
native 0 2 spell-out-four-byte-load 0.705
candidate 0 2 spell-out-four-byte-load 0.594
baseline 0 2 spell-out-four-byte-load 0.571
check-floor 0 2 0.419
baseline 0 3 combine-constant-hash-initializers 0.573
native 0 3 combine-constant-hash-initializers 0.663
candidate 0 3 combine-constant-hash-initializers 0.56
check-floor 0 3 0.426
candidate 0 4 name-string-hash-length-bound 0.586
native 0 4 name-string-hash-length-bound 0.685
baseline 0 4 name-string-hash-length-bound 0.592
check-floor 0 4 0.437
baseline 0 5 use-immutable-hash-stages 0.635
candidate 0 5 use-immutable-hash-stages 0.588
native 0 5 use-immutable-hash-stages 0.713
check-floor 0 5 0.448
baseline 1 -2 restored-original 0.612
candidate 1 -2 restored-original 0.607
native 1 -2 restored-original 0.648
check-floor 1 -2 0.424
/Users/danluu/dev/rust-interp-perf-20260912/results/owned-analysis-pgrust-20260912-01/summary.md
