candidate 0 0 cold-original 0.554
native 0 0 cold-original 0.697
baseline 0 0 cold-original 0.551
check-floor 0 0 0.444
baseline 0 -1 break-hash-multiplier 0.566
native 0 -1 break-hash-multiplier 0.687
candidate 0 -1 break-hash-multiplier 0.57
check-floor 0 -1 0.41
candidate 0 1 name-inverse-xorshift-intermediate 0.571
native 0 1 name-inverse-xorshift-intermediate 0.658
baseline 0 1 name-inverse-xorshift-intermediate 0.562
check-floor 0 1 0.408
candidate 0 2 spell-out-four-byte-load 0.576
baseline 0 2 spell-out-four-byte-load 0.563
native 0 2 spell-out-four-byte-load 0.676
check-floor 0 2 0.408
native 0 3 combine-constant-hash-initializers 0.671
candidate 0 3 combine-constant-hash-initializers 0.562
baseline 0 3 combine-constant-hash-initializers 0.574
check-floor 0 3 0.423
baseline 0 4 name-string-hash-length-bound 0.578
candidate 0 4 name-string-hash-length-bound 0.579
native 0 4 name-string-hash-length-bound 0.683
check-floor 0 4 0.415
native 0 5 use-immutable-hash-stages 0.678
baseline 0 5 use-immutable-hash-stages 0.562
candidate 0 5 use-immutable-hash-stages 0.574
check-floor 0 5 0.403
native 1 -2 restored-original 0.588
baseline 1 -2 restored-original 0.559
candidate 1 -2 restored-original 0.563
check-floor 1 -2 0.398
/Users/danluu/dev/rust-interp-perf-20260912/results/owned-analysis-pgrust-20260912-03/summary.md
