baseline 0 0 cold-original 9.517
candidate 0 0 cold-original 8.525
native 0 0 cold-original 7.2
check-floor 0 0 3.98
native 0 -1 corrupt-short-input-count 1.359
candidate 0 -1 corrupt-short-input-count 1.895
baseline 0 -1 corrupt-short-input-count 1.971
check-floor 0 -1 0.601
baseline 0 1 name-literal-finder-result 4.44
candidate 0 1 name-literal-finder-result 4.388
native 0 1 name-literal-finder-result 2.037
check-floor 0 1 0.65
baseline 0 2 reuse-short-count-input-length 4.452
native 0 2 reuse-short-count-input-length 1.973
candidate 0 2 reuse-short-count-input-length 4.364
check-floor 0 2 0.663
candidate 0 3 reuse-short-span-input-length 4.352
baseline 0 3 reuse-short-span-input-length 4.392
native 0 3 reuse-short-span-input-length 2.033
check-floor 0 3 0.644
native 0 4 orient-short-route-width-comparison 1.916
baseline 0 4 orient-short-route-width-comparison 4.337
candidate 0 4 orient-short-route-width-comparison 4.268
check-floor 0 4 0.582
candidate 0 5 match-short-route-event-bound 4.326
native 0 5 match-short-route-event-bound 1.999
baseline 0 5 match-short-route-event-bound 4.434
check-floor 0 5 0.636
candidate 1 -2 restored-original 4.313
native 1 -2 restored-original 1.939
baseline 1 -2 restored-original 4.425
check-floor 1 -2 0.641
/Users/danluu/dev/rust-interp-perf-20260912/results/owned-analysis-token-20260912-02/summary.md
