baseline 0 0 cold-original 0.521
candidate 0 0 cold-original 0.521
native 0 0 cold-original 0.7
check-floor 0 0 0.422
native 0 -1 break-hash-multiplier 0.675
candidate 0 -1 break-hash-multiplier 0.54
baseline 0 -1 break-hash-multiplier 0.532
check-floor 0 -1 0.384
baseline 0 1 name-inverse-xorshift-intermediate 0.531
candidate 0 1 name-inverse-xorshift-intermediate 0.546
native 0 1 name-inverse-xorshift-intermediate 0.654
check-floor 0 1 0.382
baseline 0 2 spell-out-four-byte-load 0.526
native 0 2 spell-out-four-byte-load 0.662
candidate 0 2 spell-out-four-byte-load 0.536
check-floor 0 2 0.384
candidate 0 3 combine-constant-hash-initializers 0.522
baseline 0 3 combine-constant-hash-initializers 0.521
native 0 3 combine-constant-hash-initializers 0.661
check-floor 0 3 0.406
native 0 4 name-string-hash-length-bound 0.664
baseline 0 4 name-string-hash-length-bound 0.533
candidate 0 4 name-string-hash-length-bound 0.528
check-floor 0 4 0.385
candidate 0 5 use-immutable-hash-stages 0.528
native 0 5 use-immutable-hash-stages 0.65
baseline 0 5 use-immutable-hash-stages 0.544
check-floor 0 5 0.391
candidate 1 -2 restored-original 0.527
native 1 -2 restored-original 0.573
baseline 1 -2 restored-original 0.529
check-floor 1 -2 0.389
/Users/danluu/dev/rust-interp-perf-20260912/results/owned-analysis-pgrust-20260912-02/summary.md
