native 0 0 cold-original 7.875
baseline 0 0 cold-original 9.385
candidate 0 0 cold-original 9.659
check-floor 0 0 4.493
candidate 0 -1 corrupt-short-input-count 2.283
baseline 0 -1 corrupt-short-input-count 2.358
native 0 -1 corrupt-short-input-count 1.607
check-floor 0 -1 0.693
native 0 1 name-literal-finder-result 2.186
baseline 0 1 name-literal-finder-result 5.048
candidate 0 1 name-literal-finder-result 4.872
check-floor 0 1 0.743
native 0 2 reuse-short-count-input-length 2.162
candidate 0 2 reuse-short-count-input-length 4.752
baseline 0 2 reuse-short-count-input-length 4.876
check-floor 0 2 0.721
baseline 0 3 reuse-short-span-input-length 4.945
native 0 3 reuse-short-span-input-length 2.208
candidate 0 3 reuse-short-span-input-length 4.856
check-floor 0 3 0.783
candidate 0 4 orient-short-route-width-comparison 4.752
native 0 4 orient-short-route-width-comparison 2.072
baseline 0 4 orient-short-route-width-comparison 4.758
check-floor 0 4 0.695
baseline 0 5 match-short-route-event-bound 4.909
candidate 0 5 match-short-route-event-bound 4.736
native 0 5 match-short-route-event-bound 2.15
check-floor 0 5 0.768
baseline 1 -2 restored-original 4.852
candidate 1 -2 restored-original 4.868
native 1 -2 restored-original 2.215
check-floor 1 -2 0.738
/Users/danluu/dev/rust-interp-perf-20260912/results/owned-analysis-token-20260912-01/summary.md
