native 0 0 cold-original 41.339
baseline 0 0 cold-original 24.95
candidate 0 0 cold-original 23.287
check-floor 0 0 18.48
candidate 0 -1 reject-valid-rule-codes 3.383
baseline 0 -1 reject-valid-rule-codes 3.276
native 0 -1 reject-valid-rule-codes 6.668
check-floor 0 -1 2.958
native 0 1 match-optional-rule-code-explicitly 5.796
baseline 0 1 match-optional-rule-code-explicitly 3.526
candidate 0 1 match-optional-rule-code-explicitly 3.16
check-floor 0 1 2.809
native 0 2 make-name-conversion-explicit 4.708
candidate 0 2 make-name-conversion-explicit 2.822
baseline 0 2 make-name-conversion-explicit 3.118
check-floor 0 2 2.642
baseline 0 3 match-linter-prefix-result-explicitly 2.916
native 0 3 match-linter-prefix-result-explicitly 6.038
candidate 0 3 match-linter-prefix-result-explicitly 3.151
check-floor 0 3 2.777
candidate 0 4 name-code-suffix-before-comparison 2.933
native 0 4 name-code-suffix-before-comparison 4.698
baseline 0 4 name-code-suffix-before-comparison 2.911
check-floor 0 4 2.743
baseline 0 5 use-explicit-rule-search-loop 2.901
candidate 0 5 use-explicit-rule-search-loop 3.111
native 0 5 use-explicit-rule-search-loop 6.476
check-floor 0 5 2.804
baseline 1 0 cycle-original 3.118
candidate 1 0 cycle-original 3.13
native 1 0 cycle-original 6.119
check-floor 1 0 2.935
baseline 1 -1 reject-valid-rule-codes 3.063
native 1 -1 reject-valid-rule-codes 6.36
candidate 1 -1 reject-valid-rule-codes 3.368
check-floor 1 -1 2.946
baseline 1 1 match-optional-rule-code-explicitly 3.03
candidate 1 1 match-optional-rule-code-explicitly 2.914
native 1 1 match-optional-rule-code-explicitly 5.668
check-floor 1 1 2.59
candidate 1 2 make-name-conversion-explicit 2.781
baseline 1 2 make-name-conversion-explicit 2.789
native 1 2 make-name-conversion-explicit 4.217
check-floor 1 2 2.885
native 1 3 match-linter-prefix-result-explicitly 6.788
candidate 1 3 match-linter-prefix-result-explicitly 3.867
baseline 1 3 match-linter-prefix-result-explicitly 3.616
check-floor 1 3 3.479
native 1 4 name-code-suffix-before-comparison 5.631
baseline 1 4 name-code-suffix-before-comparison 3.278
candidate 1 4 name-code-suffix-before-comparison 3.812
check-floor 1 4 3.076
candidate 1 5 use-explicit-rule-search-loop 3.361
native 1 5 use-explicit-rule-search-loop 7.511
baseline 1 5 use-explicit-rule-search-loop 3.405
check-floor 1 5 2.898
candidate 2 0 cycle-original 3.184
native 2 0 cycle-original 6.374
baseline 2 0 cycle-original 3.172
check-floor 2 0 2.786
native 2 -1 reject-valid-rule-codes 6.002
candidate 2 -1 reject-valid-rule-codes 3.074
baseline 2 -1 reject-valid-rule-codes 3.215
check-floor 2 -1 2.625
candidate 2 1 match-optional-rule-code-explicitly 2.855
native 2 1 match-optional-rule-code-explicitly 6.539
baseline 2 1 match-optional-rule-code-explicitly 3.161
check-floor 2 1 2.78
baseline 2 2 make-name-conversion-explicit 2.855
native 2 2 make-name-conversion-explicit 4.817
candidate 2 2 make-name-conversion-explicit 2.947
check-floor 2 2 2.807
candidate 2 3 match-linter-prefix-result-explicitly 2.936
baseline 2 3 match-linter-prefix-result-explicitly 3.069
native 2 3 match-linter-prefix-result-explicitly 6.989
check-floor 2 3 2.805
baseline 2 4 name-code-suffix-before-comparison 2.957
candidate 2 4 name-code-suffix-before-comparison 2.883
native 2 4 name-code-suffix-before-comparison 4.292
check-floor 2 4 2.917
native 2 5 use-explicit-rule-search-loop 11.457
baseline 2 5 use-explicit-rule-search-loop 7.24
candidate 2 5 use-explicit-rule-search-loop 7.199
check-floor 2 5 4.244
candidate 3 -2 restored-original 2.999
baseline 3 -2 restored-original 3.453
native 3 -2 restored-original 7.256
check-floor 3 -2 2.506
/Users/danluu/dev/rust-interp-perf-20260912/results/owned-analysis-confirm-ruff-20260912-01/summary.md
