candidate 0 0 cold-original 8.143
native 0 0 cold-original 6.729
baseline 0 0 cold-original 8.352
check-floor 0 0 3.629
baseline 0 -1 corrupt-short-input-count 1.987
native 0 -1 corrupt-short-input-count 1.61
candidate 0 -1 corrupt-short-input-count 1.866
check-floor 0 -1 0.582
candidate 0 1 name-literal-finder-result 4.366
native 0 1 name-literal-finder-result 2.005
baseline 0 1 name-literal-finder-result 4.396
check-floor 0 1 0.643
candidate 0 2 reuse-short-count-input-length 4.35
baseline 0 2 reuse-short-count-input-length 4.429
native 0 2 reuse-short-count-input-length 1.971
check-floor 0 2 0.639
native 0 3 reuse-short-span-input-length 1.971
candidate 0 3 reuse-short-span-input-length 4.307
baseline 0 3 reuse-short-span-input-length 4.393
check-floor 0 3 0.66
baseline 0 4 orient-short-route-width-comparison 4.391
candidate 0 4 orient-short-route-width-comparison 4.376
native 0 4 orient-short-route-width-comparison 2.027
check-floor 0 4 0.624
native 0 5 match-short-route-event-bound 2.072
baseline 0 5 match-short-route-event-bound 4.582
candidate 0 5 match-short-route-event-bound 4.764
check-floor 0 5 0.797
native 1 -2 restored-original 2.47
baseline 1 -2 restored-original 4.929
candidate 1 -2 restored-original 4.73
check-floor 1 -2 0.818
/Users/danluu/dev/rust-interp-perf-20260912/results/owned-analysis-token-20260912-03/summary.md
