{
  "schema_version": 1,
  "measurement_controls_verified": true,
  "commands": 66,
  "cycles": 3,
  "edited_pairs": 15,
  "check_commands": 22,
  "explicit_controls_verified": true,
  "exact_artifact_hashes_verified": 44,
  "paired_bytecode_identical": true,
  "cross_cycle_bytecode_identical": false,
  "cross_cycle_artifacts": [
    {
      "state": 0,
      "sha256_by_cycle": [
        "1f8565831fd01926e7ad88b5cc11b273cdfaeddea7c9ad69653b060980089317",
        "18c4221c6dc7c38b9978a7f21b56543e49e22f36e55a1079298dcebf5db2f832",
        "18c4221c6dc7c38b9978a7f21b56543e49e22f36e55a1079298dcebf5db2f832"
      ]
    },
    {
      "state": -1,
      "sha256_by_cycle": [
        "3c6d47ddd2652b8ddc899ffd794c16c1112cd8b67ae3eb34e46d47b0cb908bc2",
        "a8de63d105c36f07499331548f4a3913d1c5c460cf584cb7b5f38e3365e08502",
        "a8de63d105c36f07499331548f4a3913d1c5c460cf584cb7b5f38e3365e08502"
      ]
    },
    {
      "state": 1,
      "sha256_by_cycle": [
        "8b25f365ee22dfd3f07bae27ab91ac2b3e3f2ef1d644ccff7d4004dda38dab36",
        "046ea36c2af61a75648c8e435077de5eb83ab9b7db40a531d84602089930ede6",
        "046ea36c2af61a75648c8e435077de5eb83ab9b7db40a531d84602089930ede6"
      ]
    },
    {
      "state": 2,
      "sha256_by_cycle": [
        "8b25f365ee22dfd3f07bae27ab91ac2b3e3f2ef1d644ccff7d4004dda38dab36",
        "046ea36c2af61a75648c8e435077de5eb83ab9b7db40a531d84602089930ede6",
        "046ea36c2af61a75648c8e435077de5eb83ab9b7db40a531d84602089930ede6"
      ]
    },
    {
      "state": 3,
      "sha256_by_cycle": [
        "2531e5b536852ffee25c1afcfc01c9f5f845f7c22cfe469eb382fe4e475f9aea",
        "2531e5b536852ffee25c1afcfc01c9f5f845f7c22cfe469eb382fe4e475f9aea",
        "2531e5b536852ffee25c1afcfc01c9f5f845f7c22cfe469eb382fe4e475f9aea"
      ]
    },
    {
      "state": 4,
      "sha256_by_cycle": [
        "2531e5b536852ffee25c1afcfc01c9f5f845f7c22cfe469eb382fe4e475f9aea",
        "2531e5b536852ffee25c1afcfc01c9f5f845f7c22cfe469eb382fe4e475f9aea",
        "2531e5b536852ffee25c1afcfc01c9f5f845f7c22cfe469eb382fe4e475f9aea"
      ]
    },
    {
      "state": 5,
      "sha256_by_cycle": [
        "ffea347bba205d1d0ba15983bb47ed2ff33a603d0a629237981a4a0c9f7c021b",
        "ffea347bba205d1d0ba15983bb47ed2ff33a603d0a629237981a4a0c9f7c021b",
        "ffea347bba205d1d0ba15983bb47ed2ff33a603d0a629237981a4a0c9f7c021b"
      ]
    }
  ],
  "reference_bytecode": null,
  "cross_cycle_semantic_equivalence_proven": false,
  "note": "Control verification does not imply identical compilation across cache histories or a performance claim.",
  "build_to_ready_metrics_verified": true,
  "restored_original_build_and_execution_verified": true
}
