{
  "controls": [
    {
      "attempt": 3,
      "tests": 0,
      "status": "failed before admission",
      "error": "TimeoutError('canonical workload admission timed out')",
      "source": "75738a4306a156f6dc36e55a24b26ae8925e93f6",
      "helper": 71250
    },
    {
      "attempt": 1,
      "tests": 6,
      "status": "passed",
      "helper": 91632,
      "child": 98595,
      "source": "8b4422b1047f688c39428404ee153368967a4c7a"
    },
    {
      "attempt": 2,
      "tests": 7,
      "status": "passed",
      "helper": 10178,
      "child": 10180,
      "source": "d98bdee4819b4ccb54bad4e38b4c8c5661a2e7e0"
    },
    {
      "attempt": 4,
      "tests": 8,
      "status": "passed",
      "helper": 60518,
      "child": 92000,
      "source": "75738a4306a156f6dc36e55a24b26ae8925e93f6"
    }
  ],
  "plans": [
    {
      "attempt": 1,
      "sha256": "10d4672786196ce090d07d800b804cb193bfc61906d0b498612aa9e7ed20eaa2",
      "metadata_children": 14
    },
    {
      "attempt": 2,
      "sha256": "4dfce58dcce9c27742df552674aeb2c2360f3f753555c7f50078a48c736353d3",
      "metadata_children": 14
    },
    {
      "attempt": 3,
      "sha256": "2b189de2b7478e99bb672d3694ec538358d759e6232895d09a0559168513f8c4",
      "metadata_children": 14
    }
  ],
  "native_attempts": [
    {
      "attempt": 1,
      "status": "failed",
      "error": "FileNotFoundError(2, 'No such file or directory')",
      "sources_restored": true,
      "cargo_commands": [
        {
          "pid": 52828,
          "returncode": 0
        }
      ],
      "fully_validated_states": 0,
      "helper": 42797,
      "supervisor": 42794
    },
    {
      "attempt": 2,
      "status": "failed",
      "error": "RuntimeError('native macro received metadata-only helper')",
      "sources_restored": true,
      "cargo_commands": [
        {
          "pid": 32247,
          "returncode": 0
        },
        {
          "pid": 32600,
          "returncode": 0
        },
        {
          "pid": 32609,
          "returncode": 0
        },
        {
          "pid": 32637,
          "returncode": 0
        },
        {
          "pid": 32652,
          "returncode": 0
        },
        {
          "pid": 32667,
          "returncode": 0
        },
        {
          "pid": 32691,
          "returncode": 101
        },
        {
          "pid": 32711,
          "returncode": 0
        },
        {
          "pid": 32731,
          "returncode": 101
        },
        {
          "pid": 32740,
          "returncode": 0
        },
        {
          "pid": 32760,
          "returncode": 101
        },
        {
          "pid": 32769,
          "returncode": 0
        },
        {
          "pid": 32877,
          "returncode": 101
        },
        {
          "pid": 33015,
          "returncode": 0
        },
        {
          "pid": 33148,
          "returncode": 101
        },
        {
          "pid": 33157,
          "returncode": 0
        },
        {
          "pid": 33177,
          "returncode": 101
        },
        {
          "pid": 33187,
          "returncode": 0
        },
        {
          "pid": 33209,
          "returncode": 101
        },
        {
          "pid": 33221,
          "returncode": 0
        },
        {
          "pid": 33243,
          "returncode": 101
        },
        {
          "pid": 33253,
          "returncode": 0
        },
        {
          "pid": 33275,
          "returncode": 101
        },
        {
          "pid": 33285,
          "returncode": 0
        },
        {
          "pid": 33307,
          "returncode": 0
        }
      ],
      "fully_validated_states": 24,
      "helper": 32243,
      "supervisor": 32240
    },
    {
      "attempt": 3,
      "status": "passed",
      "error": null,
      "sources_restored": true,
      "cargo_commands": [
        {
          "pid": 16660,
          "returncode": 0
        },
        {
          "pid": 16848,
          "returncode": 0
        },
        {
          "pid": 16857,
          "returncode": 0
        },
        {
          "pid": 16879,
          "returncode": 0
        },
        {
          "pid": 16970,
          "returncode": 0
        },
        {
          "pid": 17421,
          "returncode": 0
        },
        {
          "pid": 19450,
          "returncode": 101
        },
        {
          "pid": 19910,
          "returncode": 0
        },
        {
          "pid": 20175,
          "returncode": 101
        },
        {
          "pid": 20643,
          "returncode": 0
        },
        {
          "pid": 20692,
          "returncode": 101
        },
        {
          "pid": 20701,
          "returncode": 0
        },
        {
          "pid": 20921,
          "returncode": 101
        },
        {
          "pid": 21012,
          "returncode": 0
        },
        {
          "pid": 21077,
          "returncode": 101
        },
        {
          "pid": 21087,
          "returncode": 0
        },
        {
          "pid": 21107,
          "returncode": 101
        },
        {
          "pid": 21117,
          "returncode": 0
        },
        {
          "pid": 21139,
          "returncode": 101
        },
        {
          "pid": 21149,
          "returncode": 0
        },
        {
          "pid": 21173,
          "returncode": 101
        },
        {
          "pid": 21184,
          "returncode": 0
        },
        {
          "pid": 21206,
          "returncode": 101
        },
        {
          "pid": 21216,
          "returncode": 0
        },
        {
          "pid": 21249,
          "returncode": 0
        },
        {
          "pid": 22372,
          "returncode": 0
        },
        {
          "pid": 23680,
          "returncode": 0
        },
        {
          "pid": 25291,
          "returncode": 0
        }
      ],
      "fully_validated_states": 28,
      "helper": 16493,
      "supervisor": 16490
    }
  ],
  "interpreted_build_scripts": false,
  "performance_claim": false,
  "archive": {
    "path": "evidence.tar.gz",
    "sha256": "d71791f0c4a62ec3900d4b9a1c04f3c03be9922bae28e69ab01a76f19319c396",
    "bytes": 34244461,
    "members": 1671,
    "all_member_hashes_verified": true
  }
}
