candidate 0 0 cold-original 0.538
native 0 0 cold-original 0.688
baseline 0 0 cold-original 0.55
check-floor 0 0 0.429
baseline 0 -1 break-hash-multiplier 0.547
native 0 -1 break-hash-multiplier 0.663
candidate 0 -1 break-hash-multiplier 0.538
check-floor 0 -1 0.397
candidate 0 1 name-inverse-xorshift-intermediate 0.548
native 0 1 name-inverse-xorshift-intermediate 0.657
baseline 0 1 name-inverse-xorshift-intermediate 0.537
check-floor 0 1 0.397
candidate 0 2 spell-out-four-byte-load 0.541
baseline 0 2 spell-out-four-byte-load 0.548
native 0 2 spell-out-four-byte-load 0.648
check-floor 0 2 0.392
native 0 3 combine-constant-hash-initializers 0.655
candidate 0 3 combine-constant-hash-initializers 0.545
baseline 0 3 combine-constant-hash-initializers 0.547
check-floor 0 3 0.399
baseline 0 4 name-string-hash-length-bound 0.538
candidate 0 4 name-string-hash-length-bound 0.556
native 0 4 name-string-hash-length-bound 0.647
check-floor 0 4 0.412
native 0 5 use-immutable-hash-stages 0.676
baseline 0 5 use-immutable-hash-stages 0.543
candidate 0 5 use-immutable-hash-stages 0.525
check-floor 0 5 0.403
native 1 -2 restored-original 0.584
baseline 1 -2 restored-original 0.529
candidate 1 -2 restored-original 0.525
check-floor 1 -2 0.381
/Users/danluu/dev/rust-interp-perf-20260912/results/local-export-adoption-pgrust-20260912-03/summary.md
