native 0 0 cold-original 6.864
baseline 0 0 cold-original 8.521
candidate 0 0 cold-original 8.511
check-floor 0 0 3.822
candidate 0 -1 corrupt-short-input-count 1.971
baseline 0 -1 corrupt-short-input-count 1.983
native 0 -1 corrupt-short-input-count 1.399
check-floor 0 -1 0.799
native 0 1 name-literal-finder-result 2.084
baseline 0 1 name-literal-finder-result 4.522
candidate 0 1 name-literal-finder-result 4.401
check-floor 0 1 0.698
native 0 2 reuse-short-count-input-length 2.014
candidate 0 2 reuse-short-count-input-length 4.464
baseline 0 2 reuse-short-count-input-length 4.43
check-floor 0 2 0.678
baseline 0 3 reuse-short-span-input-length 4.485
native 0 3 reuse-short-span-input-length 2.199
candidate 0 3 reuse-short-span-input-length 4.519
check-floor 0 3 0.798
candidate 0 4 orient-short-route-width-comparison 4.372
native 0 4 orient-short-route-width-comparison 1.996
baseline 0 4 orient-short-route-width-comparison 4.501
check-floor 0 4 0.621
baseline 0 5 match-short-route-event-bound 4.415
candidate 0 5 match-short-route-event-bound 4.579
native 0 5 match-short-route-event-bound 2.215
check-floor 0 5 0.675
baseline 1 -2 restored-original 4.444
candidate 1 -2 restored-original 4.486
native 1 -2 restored-original 2.241
check-floor 1 -2 0.804
/Users/danluu/dev/rust-interp-perf-20260912/results/local-export-adoption-token-20260912-01/summary.md
