baseline 0 0 cold-original 8.178
candidate 0 0 cold-original 8.213
native 0 0 cold-original 6.652
check-floor 0 0 3.7
native 0 -1 corrupt-short-input-count 1.373
candidate 0 -1 corrupt-short-input-count 2.005
baseline 0 -1 corrupt-short-input-count 2.059
check-floor 0 -1 0.669
baseline 0 1 name-literal-finder-result 4.427
candidate 0 1 name-literal-finder-result 4.398
native 0 1 name-literal-finder-result 2.177
check-floor 0 1 0.722
baseline 0 2 reuse-short-count-input-length 4.46
native 0 2 reuse-short-count-input-length 2.002
candidate 0 2 reuse-short-count-input-length 4.414
check-floor 0 2 0.785
candidate 0 3 reuse-short-span-input-length 4.351
baseline 0 3 reuse-short-span-input-length 4.425
native 0 3 reuse-short-span-input-length 2.048
check-floor 0 3 0.645
native 0 4 orient-short-route-width-comparison 1.923
baseline 0 4 orient-short-route-width-comparison 4.278
candidate 0 4 orient-short-route-width-comparison 4.374
check-floor 0 4 0.684
candidate 0 5 match-short-route-event-bound 4.341
native 0 5 match-short-route-event-bound 2.167
baseline 0 5 match-short-route-event-bound 4.493
check-floor 0 5 0.728
candidate 1 -2 restored-original 4.35
native 1 -2 restored-original 2.23
baseline 1 -2 restored-original 4.369
check-floor 1 -2 0.733
/Users/danluu/dev/rust-interp-perf-20260912/results/local-export-adoption-token-20260912-02/summary.md
