baseline 0 0 cold-original 0.517
candidate 0 0 cold-original 0.521
native 0 0 cold-original 0.748
check-floor 0 0 0.425
native 0 -1 break-hash-multiplier 0.83
candidate 0 -1 break-hash-multiplier 0.529
baseline 0 -1 break-hash-multiplier 0.532
check-floor 0 -1 0.395
baseline 0 1 name-inverse-xorshift-intermediate 0.523
candidate 0 1 name-inverse-xorshift-intermediate 0.523
native 0 1 name-inverse-xorshift-intermediate 0.665
check-floor 0 1 0.39
baseline 0 2 spell-out-four-byte-load 0.522
native 0 2 spell-out-four-byte-load 0.741
candidate 0 2 spell-out-four-byte-load 0.538
check-floor 0 2 0.379
candidate 0 3 combine-constant-hash-initializers 0.515
baseline 0 3 combine-constant-hash-initializers 0.518
native 0 3 combine-constant-hash-initializers 0.663
check-floor 0 3 0.392
native 0 4 name-string-hash-length-bound 0.662
baseline 0 4 name-string-hash-length-bound 0.535
candidate 0 4 name-string-hash-length-bound 0.528
check-floor 0 4 0.397
candidate 0 5 use-immutable-hash-stages 0.534
native 0 5 use-immutable-hash-stages 0.635
baseline 0 5 use-immutable-hash-stages 0.526
check-floor 0 5 0.377
candidate 1 -2 restored-original 0.52
native 1 -2 restored-original 0.576
baseline 1 -2 restored-original 0.527
check-floor 1 -2 0.385
/Users/danluu/dev/rust-interp-perf-20260912/results/local-export-adoption-pgrust-20260912-02/summary.md
