candidate 0 0 cold-original 8.068
native 0 0 cold-original 6.529
baseline 0 0 cold-original 8.22
check-floor 0 0 3.66
baseline 0 -1 corrupt-short-input-count 1.891
native 0 -1 corrupt-short-input-count 1.562
candidate 0 -1 corrupt-short-input-count 1.989
check-floor 0 -1 0.713
candidate 0 1 name-literal-finder-result 4.323
native 0 1 name-literal-finder-result 1.964
baseline 0 1 name-literal-finder-result 4.693
check-floor 0 1 0.827
candidate 0 2 reuse-short-count-input-length 4.728
baseline 0 2 reuse-short-count-input-length 4.501
native 0 2 reuse-short-count-input-length 2.163
check-floor 0 2 0.671
native 0 3 reuse-short-span-input-length 2.039
candidate 0 3 reuse-short-span-input-length 4.402
baseline 0 3 reuse-short-span-input-length 4.44
check-floor 0 3 0.66
baseline 0 4 orient-short-route-width-comparison 4.41
candidate 0 4 orient-short-route-width-comparison 4.333
native 0 4 orient-short-route-width-comparison 2.032
check-floor 0 4 0.615
native 0 5 match-short-route-event-bound 2.081
baseline 0 5 match-short-route-event-bound 4.402
candidate 0 5 match-short-route-event-bound 4.378
check-floor 0 5 0.657
native 1 -2 restored-original 2.067
baseline 1 -2 restored-original 4.436
candidate 1 -2 restored-original 4.33
check-floor 1 -2 0.653
/Users/danluu/dev/rust-interp-perf-20260912/results/local-export-adoption-token-20260912-03/summary.md
