test_cached_unchanged_bodies_need_no_borrowcheck_value (test_borrowck_cache.BorrowckCacheTests.test_cached_unchanged_bodies_need_no_borrowcheck_value) ... borrowck correctness artifacts: /Users/danluu/dev/rust-interp-semantic-reuse-20260913/.work/borrowck-cache-correctness-05/fixtures/test_cached_unchanged_bodies_need_no_borrowcheck_value-qtn3if0b
ok
test_dependency_edits_preserve_output_and_invalidate_changed_semantics (test_borrowck_cache.BorrowckCacheTests.test_dependency_edits_preserve_output_and_invalidate_changed_semantics) ... borrowck correctness artifacts: /Users/danluu/dev/rust-interp-semantic-reuse-20260913/.work/borrowck-cache-correctness-05/fixtures/test_dependency_edits_preserve_output_and_invalidate_changed_semantics-8seyzezd
ok
test_metadata_only_library_uses_same_compiler_checks (test_borrowck_cache.BorrowckCacheTests.test_metadata_only_library_uses_same_compiler_checks) ... borrowck correctness artifacts: /Users/danluu/dev/rust-interp-semantic-reuse-20260913/.work/borrowck-cache-correctness-05/fixtures/test_metadata_only_library_uses_same_compiler_checks-gk_wc5h9
ok
test_newly_reachable_bodies_reconstruct_only_empty_results (test_borrowck_cache.BorrowckCacheTests.test_newly_reachable_bodies_reconstruct_only_empty_results) ... borrowck correctness artifacts: /Users/danluu/dev/rust-interp-semantic-reuse-20260913/.work/borrowck-cache-correctness-05/fixtures/test_newly_reachable_bodies_reconstruct_only_empty_results-4b1i5qn0
ok
test_no_incremental_and_explicit_mir_dump_use_original_provider (test_borrowck_cache.BorrowckCacheTests.test_no_incremental_and_explicit_mir_dump_use_original_provider) ... borrowck correctness artifacts: /Users/danluu/dev/rust-interp-semantic-reuse-20260913/.work/borrowck-cache-correctness-05/fixtures/test_no_incremental_and_explicit_mir_dump_use_original_provider-jiy3z3d4
ok
test_opaque_results_and_disabled_intervening_compilation (test_borrowck_cache.BorrowckCacheTests.test_opaque_results_and_disabled_intervening_compilation) ... borrowck correctness artifacts: /Users/danluu/dev/rust-interp-semantic-reuse-20260913/.work/borrowck-cache-correctness-05/fixtures/test_opaque_results_and_disabled_intervening_compilation-21mzv7ua
ok
test_selected_export_cached_and_inlined_value_demands (test_borrowck_cache.BorrowckCacheTests.test_selected_export_cached_and_inlined_value_demands) ... borrowck correctness artifacts: /Users/danluu/dev/rust-interp-semantic-reuse-20260913/.work/borrowck-cache-correctness-05/fixtures/test_selected_export_cached_and_inlined_value_demands-p9a0qm81
ok
test_uncalled_errors_are_rejected_and_restoration_is_current (test_borrowck_cache.BorrowckCacheTests.test_uncalled_errors_are_rejected_and_restoration_is_current) ... borrowck correctness artifacts: /Users/danluu/dev/rust-interp-semantic-reuse-20260913/.work/borrowck-cache-correctness-05/fixtures/test_uncalled_errors_are_rejected_and_restoration_is_current-mr2qjbo6
ok
test_warnings_and_lint_expectations_are_preserved (test_borrowck_cache.BorrowckCacheTests.test_warnings_and_lint_expectations_are_preserved) ... borrowck correctness artifacts: /Users/danluu/dev/rust-interp-semantic-reuse-20260913/.work/borrowck-cache-correctness-05/fixtures/test_warnings_and_lint_expectations_are_preserved-7gcjncj_
ok
test_cargo_exports_native_build_scripts_and_failed_edit_restoration (test_borrowck_cache_cargo.BorrowckCacheCargoTests.test_cargo_exports_native_build_scripts_and_failed_edit_restoration) ... borrowck correctness artifacts: /Users/danluu/dev/rust-interp-semantic-reuse-20260913/.work/borrowck-cache-correctness-05/fixtures/test_cargo_exports_native_build_scripts_and_failed_edit_restoration-t2gmwrsq

  test_cargo_exports_native_build_scripts_and_failed_edit_restoration (test_borrowck_cache_cargo.BorrowckCacheCargoTests.test_cargo_exports_native_build_scripts_and_failed_edit_restoration) (mode='verify', state='wrong') ... FAIL
  test_cargo_exports_native_build_scripts_and_failed_edit_restoration (test_borrowck_cache_cargo.BorrowckCacheCargoTests.test_cargo_exports_native_build_scripts_and_failed_edit_restoration) (mode='reuse', state='wrong') ... FAIL

======================================================================
FAIL: test_cargo_exports_native_build_scripts_and_failed_edit_restoration (test_borrowck_cache_cargo.BorrowckCacheCargoTests.test_cargo_exports_native_build_scripts_and_failed_edit_restoration) (mode='verify', state='wrong')
----------------------------------------------------------------------
Traceback (most recent call last):
  File "/Users/danluu/dev/rust-interp-semantic-reuse-20260913/tests/test_borrowck_cache_cargo.py", line 182, in test_cargo_exports_native_build_scripts_and_failed_edit_restoration
    self.assert_borrow_error(result)
    ~~~~~~~~~~~~~~~~~~~~~~~~^^^^^^^^
  File "/Users/danluu/dev/rust-interp-semantic-reuse-20260913/tests/test_borrowck_cache_cargo.py", line 168, in assert_borrow_error
    self.assertIn("E0515", [code["code"] for code in codes if code], result.stdout)
    ~~~~~~~~~~~~~^^^^^^^^^^^^^^^^^^^^^^^^^^^^^^^^^^^^^^^^^^^^^^^^^^^^^^^^^^^^^^^^^^
AssertionError: 'E0515' not found in [] : {"reason":"compiler-artifact","package_id":"path+file:///Users/danluu/dev/rust-interp-semantic-reuse-20260913/.work/borrowck-cache-correctness-05/fixtures/test_cargo_exports_native_build_scripts_and_failed_edit_restoration-t2gmwrsq/package/helper#borrowck-cargo-helper@0.0.0","manifest_path":"/Users/danluu/dev/rust-interp-semantic-reuse-20260913/.work/borrowck-cache-correctness-05/fixtures/test_cargo_exports_native_build_scripts_and_failed_edit_restoration-t2gmwrsq/package/helper/Cargo.toml","target":{"kind":["lib"],"crate_types":["lib"],"name":"borrowck_cargo_helper","src_path":"/Users/danluu/dev/rust-interp-semantic-reuse-20260913/.work/borrowck-cache-correctness-05/fixtures/test_cargo_exports_native_build_scripts_and_failed_edit_restoration-t2gmwrsq/package/helper/src/lib.rs","edition":"2024","doc":true,"doctest":true,"test":true},"profile":{"opt_level":"0","debuginfo":2,"debug_assertions":true,"overflow_checks":true,"test":false},"features":[],"filenames":["/Users/danluu/dev/rust-interp-semantic-reuse-20260913/.work/borrowck-cache-correctness-05/fixtures/test_cargo_exports_native_build_scripts_and_failed_edit_restoration-t2gmwrsq/target-verify/debug/build/borrowck-cargo-helper/daeeffa378a01d66/out/libborrowck_cargo_helper-daeeffa378a01d66.rlib","/Users/danluu/dev/rust-interp-semantic-reuse-20260913/.work/borrowck-cache-correctness-05/fixtures/test_cargo_exports_native_build_scripts_and_failed_edit_restoration-t2gmwrsq/target-verify/debug/build/borrowck-cargo-helper/daeeffa378a01d66/out/libborrowck_cargo_helper-daeeffa378a01d66.rmeta"],"executable":null,"fresh":true}
{"reason":"compiler-artifact","package_id":"path+file:///Users/danluu/dev/rust-interp-semantic-reuse-20260913/.work/borrowck-cache-correctness-05/fixtures/test_cargo_exports_native_build_scripts_and_failed_edit_restoration-t2gmwrsq/package#borrowck-cargo-smoke@0.0.0","manifest_path":"/Users/danluu/dev/rust-interp-semantic-reuse-20260913/.work/borrowck-cache-correctness-05/fixtures/test_cargo_exports_native_build_scripts_and_failed_edit_restoration-t2gmwrsq/package/Cargo.toml","target":{"kind":["custom-build"],"crate_types":["bin"],"name":"build-script-build","src_path":"/Users/danluu/dev/rust-interp-semantic-reuse-20260913/.work/borrowck-cache-correctness-05/fixtures/test_cargo_exports_native_build_scripts_and_failed_edit_restoration-t2gmwrsq/package/build.rs","edition":"2024","doc":false,"doctest":false,"test":false},"profile":{"opt_level":"0","debuginfo":2,"debug_assertions":true,"overflow_checks":true,"test":false},"features":[],"filenames":["/Users/danluu/dev/rust-interp-semantic-reuse-20260913/.work/borrowck-cache-correctness-05/fixtures/test_cargo_exports_native_build_scripts_and_failed_edit_restoration-t2gmwrsq/target-verify/debug/build/borrowck-cargo-smoke/c600f403e94e9139/out/build_script_build"],"executable":null,"fresh":true}
{"reason":"compiler-artifact","package_id":"path+file:///Users/danluu/dev/rust-interp-semantic-reuse-20260913/.work/borrowck-cache-correctness-05/fixtures/test_cargo_exports_native_build_scripts_and_failed_edit_restoration-t2gmwrsq/package/helper#borrowck-cargo-helper@0.0.0","manifest_path":"/Users/danluu/dev/rust-interp-semantic-reuse-20260913/.work/borrowck-cache-correctness-05/fixtures/test_cargo_exports_native_build_scripts_and_failed_edit_restoration-t2gmwrsq/package/helper/Cargo.toml","target":{"kind":["lib"],"crate_types":["lib"],"name":"borrowck_cargo_helper","src_path":"/Users/danluu/dev/rust-interp-semantic-reuse-20260913/.work/borrowck-cache-correctness-05/fixtures/test_cargo_exports_native_build_scripts_and_failed_edit_restoration-t2gmwrsq/package/helper/src/lib.rs","edition":"2024","doc":true,"doctest":true,"test":true},"profile":{"opt_level":"0","debuginfo":2,"debug_assertions":true,"overflow_checks":true,"test":false},"features":[],"filenames":["/Users/danluu/dev/rust-interp-semantic-reuse-20260913/.work/borrowck-cache-correctness-05/fixtures/test_cargo_exports_native_build_scripts_and_failed_edit_restoration-t2gmwrsq/target-verify/aarch64-apple-darwin/debug/build/borrowck-cargo-helper/02c08aafe015904c/out/libborrowck_cargo_helper-02c08aafe015904c.rmeta"],"executable":null,"fresh":true}
{"reason":"build-script-executed","package_id":"path+file:///Users/danluu/dev/rust-interp-semantic-reuse-20260913/.work/borrowck-cache-correctness-05/fixtures/test_cargo_exports_native_build_scripts_and_failed_edit_restoration-t2gmwrsq/package#borrowck-cargo-smoke@0.0.0","linked_libs":[],"linked_paths":[],"cfgs":[],"env":[],"out_dir":"/Users/danluu/dev/rust-interp-semantic-reuse-20260913/.work/borrowck-cache-correctness-05/fixtures/test_cargo_exports_native_build_scripts_and_failed_edit_restoration-t2gmwrsq/target-verify/aarch64-apple-darwin/debug/build/borrowck-cargo-smoke/f918c8fcd34dfe4f/out"}
{"reason":"build-finished","success":false}


======================================================================
FAIL: test_cargo_exports_native_build_scripts_and_failed_edit_restoration (test_borrowck_cache_cargo.BorrowckCacheCargoTests.test_cargo_exports_native_build_scripts_and_failed_edit_restoration) (mode='reuse', state='wrong')
----------------------------------------------------------------------
Traceback (most recent call last):
  File "/Users/danluu/dev/rust-interp-semantic-reuse-20260913/tests/test_borrowck_cache_cargo.py", line 182, in test_cargo_exports_native_build_scripts_and_failed_edit_restoration
    self.assert_borrow_error(result)
    ~~~~~~~~~~~~~~~~~~~~~~~~^^^^^^^^
  File "/Users/danluu/dev/rust-interp-semantic-reuse-20260913/tests/test_borrowck_cache_cargo.py", line 168, in assert_borrow_error
    self.assertIn("E0515", [code["code"] for code in codes if code], result.stdout)
    ~~~~~~~~~~~~~^^^^^^^^^^^^^^^^^^^^^^^^^^^^^^^^^^^^^^^^^^^^^^^^^^^^^^^^^^^^^^^^^^
AssertionError: 'E0515' not found in [] : {"reason":"compiler-artifact","package_id":"path+file:///Users/danluu/dev/rust-interp-semantic-reuse-20260913/.work/borrowck-cache-correctness-05/fixtures/test_cargo_exports_native_build_scripts_and_failed_edit_restoration-t2gmwrsq/package/helper#borrowck-cargo-helper@0.0.0","manifest_path":"/Users/danluu/dev/rust-interp-semantic-reuse-20260913/.work/borrowck-cache-correctness-05/fixtures/test_cargo_exports_native_build_scripts_and_failed_edit_restoration-t2gmwrsq/package/helper/Cargo.toml","target":{"kind":["lib"],"crate_types":["lib"],"name":"borrowck_cargo_helper","src_path":"/Users/danluu/dev/rust-interp-semantic-reuse-20260913/.work/borrowck-cache-correctness-05/fixtures/test_cargo_exports_native_build_scripts_and_failed_edit_restoration-t2gmwrsq/package/helper/src/lib.rs","edition":"2024","doc":true,"doctest":true,"test":true},"profile":{"opt_level":"0","debuginfo":2,"debug_assertions":true,"overflow_checks":true,"test":false},"features":[],"filenames":["/Users/danluu/dev/rust-interp-semantic-reuse-20260913/.work/borrowck-cache-correctness-05/fixtures/test_cargo_exports_native_build_scripts_and_failed_edit_restoration-t2gmwrsq/target-reuse/debug/build/borrowck-cargo-helper/daeeffa378a01d66/out/libborrowck_cargo_helper-daeeffa378a01d66.rlib","/Users/danluu/dev/rust-interp-semantic-reuse-20260913/.work/borrowck-cache-correctness-05/fixtures/test_cargo_exports_native_build_scripts_and_failed_edit_restoration-t2gmwrsq/target-reuse/debug/build/borrowck-cargo-helper/daeeffa378a01d66/out/libborrowck_cargo_helper-daeeffa378a01d66.rmeta"],"executable":null,"fresh":true}
{"reason":"compiler-artifact","package_id":"path+file:///Users/danluu/dev/rust-interp-semantic-reuse-20260913/.work/borrowck-cache-correctness-05/fixtures/test_cargo_exports_native_build_scripts_and_failed_edit_restoration-t2gmwrsq/package#borrowck-cargo-smoke@0.0.0","manifest_path":"/Users/danluu/dev/rust-interp-semantic-reuse-20260913/.work/borrowck-cache-correctness-05/fixtures/test_cargo_exports_native_build_scripts_and_failed_edit_restoration-t2gmwrsq/package/Cargo.toml","target":{"kind":["custom-build"],"crate_types":["bin"],"name":"build-script-build","src_path":"/Users/danluu/dev/rust-interp-semantic-reuse-20260913/.work/borrowck-cache-correctness-05/fixtures/test_cargo_exports_native_build_scripts_and_failed_edit_restoration-t2gmwrsq/package/build.rs","edition":"2024","doc":false,"doctest":false,"test":false},"profile":{"opt_level":"0","debuginfo":2,"debug_assertions":true,"overflow_checks":true,"test":false},"features":[],"filenames":["/Users/danluu/dev/rust-interp-semantic-reuse-20260913/.work/borrowck-cache-correctness-05/fixtures/test_cargo_exports_native_build_scripts_and_failed_edit_restoration-t2gmwrsq/target-reuse/debug/build/borrowck-cargo-smoke/c600f403e94e9139/out/build_script_build"],"executable":null,"fresh":true}
{"reason":"compiler-artifact","package_id":"path+file:///Users/danluu/dev/rust-interp-semantic-reuse-20260913/.work/borrowck-cache-correctness-05/fixtures/test_cargo_exports_native_build_scripts_and_failed_edit_restoration-t2gmwrsq/package/helper#borrowck-cargo-helper@0.0.0","manifest_path":"/Users/danluu/dev/rust-interp-semantic-reuse-20260913/.work/borrowck-cache-correctness-05/fixtures/test_cargo_exports_native_build_scripts_and_failed_edit_restoration-t2gmwrsq/package/helper/Cargo.toml","target":{"kind":["lib"],"crate_types":["lib"],"name":"borrowck_cargo_helper","src_path":"/Users/danluu/dev/rust-interp-semantic-reuse-20260913/.work/borrowck-cache-correctness-05/fixtures/test_cargo_exports_native_build_scripts_and_failed_edit_restoration-t2gmwrsq/package/helper/src/lib.rs","edition":"2024","doc":true,"doctest":true,"test":true},"profile":{"opt_level":"0","debuginfo":2,"debug_assertions":true,"overflow_checks":true,"test":false},"features":[],"filenames":["/Users/danluu/dev/rust-interp-semantic-reuse-20260913/.work/borrowck-cache-correctness-05/fixtures/test_cargo_exports_native_build_scripts_and_failed_edit_restoration-t2gmwrsq/target-reuse/aarch64-apple-darwin/debug/build/borrowck-cargo-helper/02c08aafe015904c/out/libborrowck_cargo_helper-02c08aafe015904c.rmeta"],"executable":null,"fresh":true}
{"reason":"build-script-executed","package_id":"path+file:///Users/danluu/dev/rust-interp-semantic-reuse-20260913/.work/borrowck-cache-correctness-05/fixtures/test_cargo_exports_native_build_scripts_and_failed_edit_restoration-t2gmwrsq/package#borrowck-cargo-smoke@0.0.0","linked_libs":[],"linked_paths":[],"cfgs":[],"env":[],"out_dir":"/Users/danluu/dev/rust-interp-semantic-reuse-20260913/.work/borrowck-cache-correctness-05/fixtures/test_cargo_exports_native_build_scripts_and_failed_edit_restoration-t2gmwrsq/target-reuse/aarch64-apple-darwin/debug/build/borrowck-cargo-smoke/f918c8fcd34dfe4f/out"}
{"reason":"build-finished","success":false}


----------------------------------------------------------------------
Ran 10 tests in 21.864s

FAILED (failures=2)
