test_ambient_cache_settings_cannot_enable_default_or_explicit_off (test_borrowck_cache_launcher.BorrowckCacheLauncherTests.test_ambient_cache_settings_cannot_enable_default_or_explicit_off) ... ok
test_borrowck_and_function_cache_modes_both_reach_cargo (test_borrowck_cache_launcher.BorrowckCacheLauncherTests.test_borrowck_and_function_cache_modes_both_reach_cargo) ... ok
test_capability_must_be_bound_to_the_installed_binary (test_borrowck_cache_launcher.BorrowckCacheLauncherTests.test_capability_must_be_bound_to_the_installed_binary) ... ok
test_each_enabled_mode_has_an_independent_cargo_workspace (test_borrowck_cache_launcher.BorrowckCacheLauncherTests.test_each_enabled_mode_has_an_independent_cargo_workspace) ... ok
test_enabled_modes_reach_only_cargo_and_report_the_mode (test_borrowck_cache_launcher.BorrowckCacheLauncherTests.test_enabled_modes_reach_only_cargo_and_report_the_mode) ... ok
test_failed_check_never_starts_execution (test_borrowck_cache_launcher.BorrowckCacheLauncherTests.test_failed_check_never_starts_execution) ... ok
test_invalid_cli_mode_fails_before_loading_tools (test_borrowck_cache_launcher.BorrowckCacheLauncherTests.test_invalid_cli_mode_fails_before_loading_tools) ... ok
test_old_tools_reject_opt_in_before_any_process_is_started (test_borrowck_cache_launcher.BorrowckCacheLauncherTests.test_old_tools_reject_opt_in_before_any_process_is_started) ... ok
test_user_namespace_cannot_alias_an_enabled_mode (test_borrowck_cache_launcher.BorrowckCacheLauncherTests.test_user_namespace_cannot_alias_an_enabled_mode) ... ok
test_ambient_function_reuse_cannot_enable_the_default_route (test_interpreter_build_metrics.InterpreterBuildMetricsTests.test_ambient_function_reuse_cannot_enable_the_default_route) ... ok
test_audit_only_command_does_not_claim_execution_readiness (test_interpreter_build_metrics.InterpreterBuildMetricsTests.test_audit_only_command_does_not_claim_execution_readiness) ... ok
test_automatic_function_cache_requires_its_own_exporter_capability (test_interpreter_build_metrics.InterpreterBuildMetricsTests.test_automatic_function_cache_requires_its_own_exporter_capability) ... ok
test_failed_allocation_trace_validation_does_not_claim_ready_or_start_vm (test_interpreter_build_metrics.InterpreterBuildMetricsTests.test_failed_allocation_trace_validation_does_not_claim_ready_or_start_vm) ... ok
test_failed_call_report_validation_does_not_claim_ready_or_start_vm (test_interpreter_build_metrics.InterpreterBuildMetricsTests.test_failed_call_report_validation_does_not_claim_ready_or_start_vm) ... ok
test_failed_cargo_does_not_claim_ready_or_start_vm (test_interpreter_build_metrics.InterpreterBuildMetricsTests.test_failed_cargo_does_not_claim_ready_or_start_vm) ... ok
test_filtered_suite_checks_are_inside_readiness_and_worker_execution_is_outside (test_interpreter_build_metrics.InterpreterBuildMetricsTests.test_filtered_suite_checks_are_inside_readiness_and_worker_execution_is_outside) ... ok
test_function_reuse_does_not_launch_vm_after_a_failed_check (test_interpreter_build_metrics.InterpreterBuildMetricsTests.test_function_reuse_does_not_launch_vm_after_a_failed_check) ... ok
test_function_reuse_is_explicit_and_applies_only_to_the_cargo_child (test_interpreter_build_metrics.InterpreterBuildMetricsTests.test_function_reuse_is_explicit_and_applies_only_to_the_cargo_child) ... ok
test_function_reuse_rejects_an_older_installed_exporter (test_interpreter_build_metrics.InterpreterBuildMetricsTests.test_function_reuse_rejects_an_older_installed_exporter) ... ok
test_function_reuse_rejects_unqualified_modes_before_starting_work (test_interpreter_build_metrics.InterpreterBuildMetricsTests.test_function_reuse_rejects_unqualified_modes_before_starting_work) ... ok
test_invalid_filtered_selection_does_not_claim_ready_or_start_vm (test_interpreter_build_metrics.InterpreterBuildMetricsTests.test_invalid_filtered_selection_does_not_claim_ready_or_start_vm) ... ok
test_invalid_isolated_entry_catalog_does_not_claim_ready_or_start_vm (test_interpreter_build_metrics.InterpreterBuildMetricsTests.test_invalid_isolated_entry_catalog_does_not_claim_ready_or_start_vm) ... ok
test_list_tests_does_not_claim_execution_readiness (test_interpreter_build_metrics.InterpreterBuildMetricsTests.test_list_tests_does_not_claim_execution_readiness) ... ok
test_missing_artifact_does_not_claim_ready_or_start_vm (test_interpreter_build_metrics.InterpreterBuildMetricsTests.test_missing_artifact_does_not_claim_ready_or_start_vm) ... ok
test_ready_includes_launcher_checks_and_waited_build_children_but_excludes_vm (test_interpreter_build_metrics.InterpreterBuildMetricsTests.test_ready_includes_launcher_checks_and_waited_build_children_but_excludes_vm) ... ok
test_stats_disabled_does_not_read_cpu_counters_or_emit_metrics (test_interpreter_build_metrics.InterpreterBuildMetricsTests.test_stats_disabled_does_not_read_cpu_counters_or_emit_metrics) ... ok
test_vm_failure_preserves_ready_metrics_and_failure_exit (test_interpreter_build_metrics.InterpreterBuildMetricsTests.test_vm_failure_preserves_ready_metrics_and_failure_exit) ... ok
test_default_path_and_owner_tool_selection_isolation (test_workspace_cache.WorkspaceCacheTests.test_default_path_and_owner_tool_selection_isolation) ... ok
test_invalid_parent_is_rejected_before_tool_build_or_cargo (test_workspace_cache.WorkspaceCacheTests.test_invalid_parent_is_rejected_before_tool_build_or_cargo) ... ok
test_launcher_routes_cargo_sidecars_and_vm_under_the_same_locked_workspace (test_workspace_cache.WorkspaceCacheTests.test_launcher_routes_cargo_sidecars_and_vm_under_the_same_locked_workspace) ... ok
test_symlinks_and_missing_parents_do_not_create_or_modify_targets (test_workspace_cache.WorkspaceCacheTests.test_symlinks_and_missing_parents_do_not_create_or_modify_targets) ... ok
test_unowned_and_changed_markers_are_preserved (test_workspace_cache.WorkspaceCacheTests.test_unowned_and_changed_markers_are_preserved) ... ok
test_cached_toolchain_lookup_requires_standard_library_mir (test_isolated_launcher.IsolatedLauncherValidation.test_cached_toolchain_lookup_requires_standard_library_mir) ... ok
test_catalog_capability_is_bound_to_its_exporter_and_tool (test_isolated_launcher.IsolatedLauncherValidation.test_catalog_capability_is_bound_to_its_exporter_and_tool) ... ok
test_entry_catalog_cannot_silently_select_different_tests (test_isolated_launcher.IsolatedLauncherValidation.test_entry_catalog_cannot_silently_select_different_tests) ... ok
test_existing_or_dangling_report_paths_are_preserved_before_building (test_isolated_launcher.IsolatedLauncherValidation.test_existing_or_dangling_report_paths_are_preserved_before_building) ... ok
test_incompatible_suite_selection_is_rejected_before_tools_or_cargo (test_isolated_launcher.IsolatedLauncherValidation.test_incompatible_suite_selection_is_rejected_before_tools_or_cargo) ... ok
test_worker_counts_require_a_bounded_isolated_suite (test_isolated_launcher.IsolatedLauncherValidation.test_worker_counts_require_a_bounded_isolated_suite) ... ok
test_existing_library_route_keeps_test_profile_filter (test_cargo_targets.CargoTargetTests.test_existing_library_route_keeps_test_profile_filter) ... ok
test_messages_without_artifacts_are_ignored (test_cargo_targets.CargoTargetTests.test_messages_without_artifacts_are_ignored) ... ok
test_other_targets_and_non_test_builds_are_rejected (test_cargo_targets.CargoTargetTests.test_other_targets_and_non_test_builds_are_rejected) ... ok
test_requested_integration_target (test_cargo_targets.CargoTargetTests.test_requested_integration_target) ... ok
test_filter_requires_isolated_test_mode_and_bounded_pattern_before_tools (test_test_discovery.FilteredSelectionControls.test_filter_requires_isolated_test_mode_and_bounded_pattern_before_tools) ... ok
test_filtered_selection_binds_exact_names_skips_and_bytecode (test_test_discovery.FilteredSelectionControls.test_filtered_selection_binds_exact_names_skips_and_bytecode) ... ok
test_stale_filter_unsupported_semantics_and_changed_artifacts_are_rejected (test_test_discovery.FilteredSelectionControls.test_stale_filter_unsupported_semantics_and_changed_artifacts_are_rejected) ... ok
test_discovery_rejects_execution_options_before_tools_or_cargo (test_test_discovery.TestDiscoveryControls.test_discovery_rejects_execution_options_before_tools_or_cargo) ... ok
test_execution_claims_mismatched_names_and_unclassified_tests_are_rejected (test_test_discovery.TestDiscoveryControls.test_execution_claims_mismatched_names_and_unclassified_tests_are_rejected) ... ok
test_listing_preserves_attributes_and_allows_empty_builtin_targets (test_test_discovery.TestDiscoveryControls.test_listing_preserves_attributes_and_allows_empty_builtin_targets) ... ok
test_cache_symlink_does_not_overwrite_its_target (test_toolchain_lookup.ToolchainLookupTests.test_cache_symlink_does_not_overwrite_its_target) ... ok
test_compiler_libraries_and_manifests_invalidate_even_with_restored_mtime (test_toolchain_lookup.ToolchainLookupTests.test_compiler_libraries_and_manifests_invalidate_even_with_restored_mtime) ... ok
test_corrupted_partial_or_oversized_records_are_cache_misses (test_toolchain_lookup.ToolchainLookupTests.test_corrupted_partial_or_oversized_records_are_cache_misses) ... ok
test_hit_reuses_exact_identity_without_compiler_processes (test_toolchain_lookup.ToolchainLookupTests.test_hit_reuses_exact_identity_without_compiler_processes) ... ok
test_installer_changes_during_discovery_are_not_published (test_toolchain_lookup.ToolchainLookupTests.test_installer_changes_during_discovery_are_not_published) ... ok
test_proxy_settings_and_environment_invalidate_without_recording_secrets (test_toolchain_lookup.ToolchainLookupTests.test_proxy_settings_and_environment_invalidate_without_recording_secrets) ... ok
test_sysroot_replacement_and_symlink_are_not_silently_reused (test_toolchain_lookup.ToolchainLookupTests.test_sysroot_replacement_and_symlink_are_not_silently_reused) ... ok
test_unrecognized_or_custom_dispatch_keeps_fresh_discovery (test_toolchain_lookup.ToolchainLookupTests.test_unrecognized_or_custom_dispatch_keeps_fresh_discovery) ... ok

----------------------------------------------------------------------
Ran 56 tests in 0.106s

OK
