   Compiling rust-interp-mir-export v0.1.0 (/Users/danluu/dev/rust-interp-semantic-reuse-20260913/crates/mir-export)
    Finished `test` profile [unoptimized] target(s) in 2.59s
     Running unittests src/main.rs (.work/borrowck-cache-target/debug/build/rust-interp-mir-export/f0a47c06c04b589a/out/rust_interp_mir_export-f0a47c06c04b589a)

running 64 tests
test function_cache::tests::automatic_reuse_requires_both_session_and_dependency_tracking ... ok
test allocation_trace::tests::malformed_or_reserved_event_poisons_trace ... ok
test allocation_trace::tests::event_limit_also_applies_to_completion ... ok
test function_dependencies::tests::tool_policy_namespace_and_unambiguous_instance_key_both_qualify_the_node ... ok
test allocation_trace::tests::complete_trace_has_ordered_ids_and_artifact_binding ... ok
test lower::reuse::tests::fresh_ids_preserve_alias_classes_and_shared_ids_keep_their_addresses ... ok
test lower::scalar_frame::byte_writes::relocation::tests::zero_sized_return_and_deleted_promoted_origins_are_supported ... ok
test function_cache::tests::cache_bytes_bind_namespace_and_reject_corruption_truncation_and_trailing_input ... ok
test lower::scalar_frame::byte_writes::tests::address_escapes_partial_stores_and_dereferences_have_distinct_events ... ok
test lower::scalar_frame::byte_writes::relocation::tests::named_origins_split_old_aliases_and_preserve_scratch_spread_and_caller_abi ... ok
test function_costs::tests::rejects_duplicate_indices_and_changed_final_identity ... ok
test lower::scalar_frame::byte_writes::tests::call_results_use_actual_callee_layout_and_argument_reads ... ok
test lower::scalar_frame::byte_writes::tests::cached_frame_observation_retains_closed_decline_reasons_without_interning ... ok
test function_costs::tests::binds_exact_input_and_transformed_output_without_mutation ... ok
test lower::scalar_frame::byte_writes::tests::emitted_copy_and_store_coverage_use_derived_local_addresses ... ok
test lower::scalar_frame::byte_writes::tests::cached_frame_observation_rebinds_callee_layout_and_preserves_byte_coverage ... ok
test lower::scalar_frame::byte_writes::tests::hidden_read_modify_write_preserves_incoming_bytes ... ok
test allocation_trace::tests::byte_limit_includes_newline_and_failed_record_is_atomic ... ok
test lower::scalar_frame::byte_writes::tests::indirect_results_and_constant_fills_preserve_byte_extents ... ok
test lower::scalar_frame::byte_writes::relocation::tests::failed_certificates_leave_the_original_function_unchanged ... ok
test lower::scalar_frame::byte_writes::tests::normal_result_write_does_not_initialize_cleanup_path_even_at_shared_target ... ok
test lower::scalar_frame::byte_writes::tests::owned_coverage_checks_deferred_calls_before_empty_or_already_covered_success ... ok
test lower::scalar_frame::byte_writes::tests::owned_coverage_preserves_range_read_and_zero_size_edge_decisions ... ok
test lower::scalar_frame::byte_writes::tests::stale_registers_and_internal_branches_decline_complete_coverage ... ok
test function_cache::tests::staged_replacement_preserves_the_prior_session_hard_link ... ok
test lower::scalar_frame::liveness_tests::empty_inputs_still_evaluate_reads_and_empty_transfers ... ok
test lower::scalar_frame::tests::a_join_keeps_both_possible_live_values ... ok
test lower::scalar_frame::tests::chosen_layout_retains_the_certified_coloring ... ok
test lower::scalar_frame::liveness_tests::loops_joins_dead_stores_and_same_event_reads_match_original_planner ... ok
test lower::scalar_frame::tests::fallback_preserves_alignment_gaps_and_zero_sized_locals ... ok
test lower::scalar_frame::tests::disjoint_values_share_but_dead_writes_interfere ... ok
test lower::scalar_frame::tests::loop_carried_entry_zero_and_same_event_values_remain_distinct ... ok
test lower::scalar_frame::tests::promotion_retains_visitor_eligibility_before_entry_zero_liveness ... ok
test lower::scalar_promote::eligibility_tests::packing_and_fallback_visitors_match_every_pinned_context_policy ... ok
test lower::scalar_promote::eligibility_tests::direct_operand_exclusions_commute_with_packing_and_fallback_visitors ... ok
test lower::scalar_promote::transform::scalar_moves::tests::scalar_moves_keep_captures_read_after_block_boundaries ... ok
test lower::scalar_frame::tests::work_bounded_plan_keeps_dedicated_storage ... ok
test lower::scalar_frame::tests::stale_slot_and_extent_certificates_are_rejected ... ok
test lower::scalar_frame::tests::checked_dedicated_extent_is_deferred_until_capture ... ok
test lower::scalar_promote::transform::scalar_moves::tests::scalar_moves_preserve_narrow_casts_and_overwritten_temporary_registers ... ok
test lower::scalar_promote::transform::tests::scalar_promotion_rejects_unproved_address_uses_and_definitions ... ok
test names::tests::root_definition_is_not_ambiguous_with_nested_leaf_names ... ok
test names::tests::short_names_require_unambiguous_candidates ... ok
test lower::scalar_promote::transform::scalar_moves::tests::scalar_moves_forward_only_live_canonical_versions ... ok
test test_metadata::filter_tests::filter_distinguishes_exact_and_substring_and_skips_ignored_panic ... ok
test lower::scalar_promote::transform::tests::scalar_promotion_preserves_faults_at_remaining_memory_accesses ... ok
test typed_relocations::tests::rejects_missing_duplicate_and_changed_definitions ... ok
test typed_relocations::tests::only_typed_pointer_words_change_and_originals_reconstruct ... ok
test typed_relocations::tests::retains_wrapped_addends_categories_and_unannotated_numeric_bits ... ok
test test_metadata::filter_tests::filter_configuration_is_bounded_and_explicit ... ok
test lower::scalar_frame::tests::non_improving_and_input_bounded_plans_keep_the_original_layout ... ok
test lower::scalar_promote::transform::tests::scalar_promotion_backedge_to_original_entry_keeps_carried_values ... ok
test test_metadata::filter_tests::filter_rejects_empty_unsupported_and_oversized_suites_before_execution ... ok
test lower::scalar_frame::tests::promotion_snapshot_survives_input_and_late_work_bound_declines ... ok
test lower::scalar_frame::byte_writes::relocation::tests::relocation_preserves_each_addressed_byte_across_alignment_gaps ... ok
test lower::scalar_promote::transform::tests::scalar_promotion_join_and_calls_preserve_caller_registers ... ok
test lower::scalar_frame::liveness_tests::input_bounds_and_checked_extent_fallbacks_match_original_planner ... ok
test function_cache::tests::bulk_payloads_preserve_the_legacy_fixed_width_wire_bytes ... ok
test lower::scalar_frame::byte_writes::tests::coverage_matches_independent_byte_cells_including_padding_and_partial_stores ... ok
test lower::scalar_frame::byte_writes::tests::owned_and_serialized_coverage_match_byte_cells_with_final_callee_abi ... ok
test lower::scalar_promote::transform::tests::scalar_promotion_widths_copy_directions_and_entry_zero ... ok
test lower::scalar_frame::liveness_tests::cached_transfers_preserve_exact_work_boundary_and_late_declines ... ok
test lower::scalar_frame::liveness_tests::deterministic_cfgs_match_uncached_layouts_and_eligibility ... ok
test lower::scalar_frame::byte_writes::tests::colored_storage_matches_independent_bytes_for_16807_partial_and_dead_write_sequences ... ok

test result: ok. 64 passed; 0 failed; 0 ignored; 0 measured; 0 filtered out; finished in 0.10s

     Running unittests src/wrapper_main.rs (.work/borrowck-cache-target/debug/build/rust-interp-mir-export/1532f7d28674c673/out/rust_interp_rustc_wrapper-1532f7d28674c673)

running 0 tests

test result: ok. 0 passed; 0 failed; 0 ignored; 0 measured; 0 filtered out; finished in 0.00s

     Running tests/wrapper_route.rs (.work/borrowck-cache-target/debug/build/rust-interp-mir-export/4f9c39e0227b315d/out/wrapper_route-4f9c39e0227b315d)

running 16 tests
test borrowck_cache_rejects_non_unicode_environment_values ... ok
test crate_name_selection_and_package_selection_can_be_combined ... ok
test compilation_outputs_and_ambiguous_queries_keep_requested_callbacks ... ok
test borrowck_cache_modes_require_explicit_valid_values ... ok
test host_executables_and_proc_macros_do_not_select_package_library_export ... ok
test host_units_keep_their_sysroot_and_ordered_arguments ... ok
test dependency_mir_flag_is_appended_after_existing_flags ... ok
test matching_explicit_sysroot_is_preserved_once ... ok
test mismatched_target_or_sysroot_is_rejected_even_for_unselected_units ... ok
test no_selection_delegates_queries_and_libraries ... ok
test package_and_manifest_both_identify_the_selected_library ... ok
test standalone_export_does_not_apply_cargo_transformations ... ok
test opt_in_keeps_known_rustc_metadata_probes_on_the_light_route ... ok
test opt_in_routes_all_compilation_units_without_selecting_their_export ... ok
test test_targets_require_test_mode_including_harness_false_cfg ... ok
test target_sysroot_is_added_for_selected_and_unselected_units ... ok

test result: ok. 16 passed; 0 failed; 0 ignored; 0 measured; 0 filtered out; finished in 0.00s

