native 0 0 cold-original 8.246
baseline 0 0 cold-original 10.532
candidate 0 0 cold-original 10.996
check-floor 0 0 5.167
candidate 0 -1 corrupt-short-input-count 2.852
baseline 0 -1 corrupt-short-input-count 2.912
native 0 -1 corrupt-short-input-count 2.213
check-floor 0 -1 1.096
native 0 1 name-literal-finder-result 2.946
baseline 0 1 name-literal-finder-result 6.008
candidate 0 1 name-literal-finder-result 5.795
check-floor 0 1 0.925
native 0 2 reuse-short-count-input-length 2.745
candidate 0 2 reuse-short-count-input-length 6.052
baseline 0 2 reuse-short-count-input-length 6.475
check-floor 0 2 1.126
baseline 0 3 reuse-short-span-input-length 6.262
native 0 3 reuse-short-span-input-length 2.882
candidate 0 3 reuse-short-span-input-length 6.08
check-floor 0 3 1.038
candidate 0 4 orient-short-route-width-comparison 5.892
native 0 4 orient-short-route-width-comparison 2.564
baseline 0 4 orient-short-route-width-comparison 5.426
check-floor 0 4 1.043
baseline 0 5 match-short-route-event-bound 5.561
candidate 0 5 match-short-route-event-bound 5.895
native 0 5 match-short-route-event-bound 3.237
check-floor 0 5 1.061
baseline 1 -2 restored-original 5.738
candidate 1 -2 restored-original 5.36
native 1 -2 restored-original 2.735
check-floor 1 -2 0.969
/Users/danluu/dev/rust-interp-perf-20260912/results/local-analysis-token-20260912-01/summary.md
