candidate 0 0 cold-original 0.516
native 0 0 cold-original 0.72
baseline 0 0 cold-original 0.532
check-floor 0 0 0.399
baseline 0 -1 break-hash-multiplier 0.529
native 0 -1 break-hash-multiplier 0.635
candidate 0 -1 break-hash-multiplier 0.534
check-floor 0 -1 0.379
candidate 0 1 name-inverse-xorshift-intermediate 0.506
native 0 1 name-inverse-xorshift-intermediate 0.64
baseline 0 1 name-inverse-xorshift-intermediate 0.515
check-floor 0 1 0.372
candidate 0 2 spell-out-four-byte-load 0.513
baseline 0 2 spell-out-four-byte-load 0.507
native 0 2 spell-out-four-byte-load 0.696
check-floor 0 2 0.391
native 0 3 combine-constant-hash-initializers 0.662
candidate 0 3 combine-constant-hash-initializers 0.517
baseline 0 3 combine-constant-hash-initializers 0.507
check-floor 0 3 0.369
baseline 0 4 name-string-hash-length-bound 0.509
candidate 0 4 name-string-hash-length-bound 0.526
native 0 4 name-string-hash-length-bound 0.699
check-floor 0 4 0.396
native 0 5 use-immutable-hash-stages 0.631
baseline 0 5 use-immutable-hash-stages 0.548
candidate 0 5 use-immutable-hash-stages 0.521
check-floor 0 5 0.37
native 1 -2 restored-original 0.588
baseline 1 -2 restored-original 0.51
candidate 1 -2 restored-original 0.506
check-floor 1 -2 0.371
/Users/danluu/dev/rust-interp-perf-20260912/results/local-analysis-pgrust-20260912-03/summary.md
