candidate 0 0 cold-original 8.869
native 0 0 cold-original 7.462
baseline 0 0 cold-original 8.754
check-floor 0 0 4.17
baseline 0 -1 corrupt-short-input-count 2.141
native 0 -1 corrupt-short-input-count 1.443
candidate 0 -1 corrupt-short-input-count 2.018
check-floor 0 -1 0.665
candidate 0 1 name-literal-finder-result 4.639
native 0 1 name-literal-finder-result 2.448
baseline 0 1 name-literal-finder-result 4.736
check-floor 0 1 0.947
candidate 0 2 reuse-short-count-input-length 4.593
baseline 0 2 reuse-short-count-input-length 4.549
native 0 2 reuse-short-count-input-length 2.099
check-floor 0 2 0.676
native 0 3 reuse-short-span-input-length 2.147
candidate 0 3 reuse-short-span-input-length 4.459
baseline 0 3 reuse-short-span-input-length 4.546
check-floor 0 3 0.683
baseline 0 4 orient-short-route-width-comparison 4.475
candidate 0 4 orient-short-route-width-comparison 4.482
native 0 4 orient-short-route-width-comparison 2.077
check-floor 0 4 0.624
native 0 5 match-short-route-event-bound 2.099
baseline 0 5 match-short-route-event-bound 4.552
candidate 0 5 match-short-route-event-bound 4.406
check-floor 0 5 0.699
native 1 -2 restored-original 2.031
baseline 1 -2 restored-original 4.467
candidate 1 -2 restored-original 4.409
check-floor 1 -2 0.684
/Users/danluu/dev/rust-interp-perf-20260912/results/local-analysis-token-20260912-03/summary.md
