baseline 0 0 cold-original 0.559
candidate 0 0 cold-original 0.559
native 0 0 cold-original 0.675
check-floor 0 0 0.421
native 0 -1 break-hash-multiplier 0.638
candidate 0 -1 break-hash-multiplier 0.549
baseline 0 -1 break-hash-multiplier 0.53
check-floor 0 -1 0.391
baseline 0 1 name-inverse-xorshift-intermediate 0.534
candidate 0 1 name-inverse-xorshift-intermediate 0.549
native 0 1 name-inverse-xorshift-intermediate 0.78
check-floor 0 1 0.399
baseline 0 2 spell-out-four-byte-load 0.547
native 0 2 spell-out-four-byte-load 0.699
candidate 0 2 spell-out-four-byte-load 0.537
check-floor 0 2 0.387
candidate 0 3 combine-constant-hash-initializers 0.53
baseline 0 3 combine-constant-hash-initializers 0.53
native 0 3 combine-constant-hash-initializers 0.642
check-floor 0 3 0.401
native 0 4 name-string-hash-length-bound 0.66
baseline 0 4 name-string-hash-length-bound 0.56
candidate 0 4 name-string-hash-length-bound 0.601
check-floor 0 4 0.406
candidate 0 5 use-immutable-hash-stages 0.536
native 0 5 use-immutable-hash-stages 0.684
baseline 0 5 use-immutable-hash-stages 0.546
check-floor 0 5 0.412
candidate 1 -2 restored-original 0.544
native 1 -2 restored-original 0.586
baseline 1 -2 restored-original 0.554
check-floor 1 -2 0.409
/Users/danluu/dev/rust-interp-perf-20260912/results/local-analysis-pgrust-20260912-02/summary.md
