native 0 0 cold-original 0.919
baseline 0 0 cold-original 0.635
candidate 0 0 cold-original 0.62
check-floor 0 0 0.509
candidate 0 -1 break-hash-multiplier 0.643
baseline 0 -1 break-hash-multiplier 0.707
native 0 -1 break-hash-multiplier 0.728
check-floor 0 -1 0.426
native 0 1 name-inverse-xorshift-intermediate 0.703
baseline 0 1 name-inverse-xorshift-intermediate 0.605
candidate 0 1 name-inverse-xorshift-intermediate 0.609
check-floor 0 1 0.474
native 0 2 spell-out-four-byte-load 0.776
candidate 0 2 spell-out-four-byte-load 0.586
baseline 0 2 spell-out-four-byte-load 0.588
check-floor 0 2 0.44
baseline 0 3 combine-constant-hash-initializers 0.59
native 0 3 combine-constant-hash-initializers 0.695
candidate 0 3 combine-constant-hash-initializers 0.59
check-floor 0 3 0.428
candidate 0 4 name-string-hash-length-bound 0.587
native 0 4 name-string-hash-length-bound 0.712
baseline 0 4 name-string-hash-length-bound 0.615
check-floor 0 4 0.434
baseline 0 5 use-immutable-hash-stages 0.692
candidate 0 5 use-immutable-hash-stages 0.922
native 0 5 use-immutable-hash-stages 0.756
check-floor 0 5 0.454
baseline 1 -2 restored-original 0.629
candidate 1 -2 restored-original 0.605
native 1 -2 restored-original 0.641
check-floor 1 -2 0.433
/Users/danluu/dev/rust-interp-perf-20260912/results/local-analysis-pgrust-20260912-01/summary.md
