baseline 0 0 cold-original 9.215
candidate 0 0 cold-original 9.148
native 0 0 cold-original 7.881
check-floor 0 0 4.469
native 0 -1 corrupt-short-input-count 1.49
candidate 0 -1 corrupt-short-input-count 2.2
baseline 0 -1 corrupt-short-input-count 2.119
check-floor 0 -1 0.689
baseline 0 1 name-literal-finder-result 4.58
candidate 0 1 name-literal-finder-result 4.525
native 0 1 name-literal-finder-result 2.058
check-floor 0 1 0.674
baseline 0 2 reuse-short-count-input-length 4.514
native 0 2 reuse-short-count-input-length 2.038
candidate 0 2 reuse-short-count-input-length 4.607
check-floor 0 2 0.697
candidate 0 3 reuse-short-span-input-length 4.535
baseline 0 3 reuse-short-span-input-length 4.67
native 0 3 reuse-short-span-input-length 2.092
check-floor 0 3 0.674
native 0 4 orient-short-route-width-comparison 1.942
baseline 0 4 orient-short-route-width-comparison 4.508
candidate 0 4 orient-short-route-width-comparison 4.526
check-floor 0 4 0.712
candidate 0 5 match-short-route-event-bound 4.511
native 0 5 match-short-route-event-bound 2.154
baseline 0 5 match-short-route-event-bound 4.569
check-floor 0 5 0.708
candidate 1 -2 restored-original 4.501
native 1 -2 restored-original 2.076
baseline 1 -2 restored-original 4.507
check-floor 1 -2 0.683
/Users/danluu/dev/rust-interp-perf-20260912/results/local-analysis-token-20260912-02/summary.md
