   Compiling proc-macro2 v1.0.107
   Compiling quote v1.0.47
   Compiling unicode-ident v1.0.24
   Compiling serde_core v1.0.229
   Compiling syn v3.0.5
   Compiling zmij v1.0.23
   Compiling serde v1.0.229
   Compiling serde_derive v1.0.229
   Compiling serde_json v1.0.151
   Compiling memchr v2.8.3
   Compiling itoa v1.0.18
   Compiling bincode v1.3.3
   Compiling version_check v0.9.5
   Compiling rust-interp-bytecode v0.1.0 (/Users/danluu/dev/rust-interp/.work/whole-call-build-01/tool-source/crates/bytecode)
   Compiling generic-array v0.14.7
   Compiling typenum v1.20.1
warning: function `needs_initial_zeroes_for_inlining` is never used
  --> crates/bytecode/src/registers.rs:30:15
   |
30 | pub(crate) fn needs_initial_zeroes_for_inlining(function: &Function) -> bool {
   |               ^^^^^^^^^^^^^^^^^^^^^^^^^^^^^^^^^
   |
   = note: `#[warn(dead_code)]` (part of `#[warn(unused)]`) on by default

   Compiling libc v0.2.189
   Compiling crypto-common v0.1.7
   Compiling block-buffer v0.10.4
   Compiling digest v0.10.7
   Compiling cpufeatures v0.2.17
   Compiling cfg-if v1.0.4
   Compiling sha2 v0.10.9
   Compiling rust-interp-mir-export v0.1.0 (/Users/danluu/dev/rust-interp/.work/whole-call-build-01/tool-source/crates/mir-export)
warning: `rust-interp-bytecode` (lib) generated 1 warning
   Compiling rust-interp-function-cache v0.1.0 (/Users/danluu/dev/rust-interp/.work/whole-call-build-01/tool-source/crates/function-cache)
   Compiling rustc-dispatch v0.1.0 (/Users/danluu/dev/rust-interp/.work/whole-call-build-01/tool-source/crates/rustc-dispatch)
    Finished `test` profile [unoptimized + debuginfo] target(s) in 17.73s
     Running unittests src/lib.rs (/Users/danluu/dev/rust-interp/.work/diagnostic-builds/whole-call-build-01/debug/build/rust-interp-bytecode/342c48f10f1f21cb/out/rust_interp_bytecode-342c48f10f1f21cb)

running 152 tests
test c_allocator::tests::pointer_validation_and_working_memory_budget_precede_mutation ... ok
test c_allocator::allocation_budget_boundary_tests::zero_count_budget_preserves_c_error_outputs_and_validation_order ... ok
test c_allocator::tests::realloc_preserves_failed_allocation_and_replaces_zero_sized_object ... ok
test c_allocator::allocation_budget_boundary_tests::rust_and_c_families_share_one_count_budget ... ok
test calls::tests::indirect_calls_are_never_certified ... ok
test c_allocator::allocation_budget_boundary_tests::zero_sized_c_realloc_counts_the_temporary_replacement ... ok
test cpu::tests::invalid_queries_leave_both_arenas_unchanged ... ok
test calls::tests::every_register_writer_invalidates_its_destination ... ok
test calls::tests::memory_destinations_and_calls_preserve_register_facts ... ok
test calls::tests::local_extents_exact_end_zero_size_and_mixed_arguments ... ok
test calls::tests::facts_stop_at_joins_backedges_and_unreachable_blocks ... ok
test cpu::tests::actual_queries_match_native_status_value_and_length_in_both_arenas ... ok
test c_allocator::tests::zero_sizes_overflow_alignment_and_errno_match_native_contracts ... ok
test frames::tests::failed_preparation_or_publication_preserves_the_live_stack ... ok
test frames::tests::native_descendant_exit_and_vm_resume_share_the_actual_top_frame ... ok
test control_flow::tests::growth_fallback_and_fresh_zeroes_survive_repeated_calls ... ok
test frames::tests::retained_backing_matches_nested_vm_and_tls_stack_lifecycles ... ok
test heap::allocation_budget_tests::exact_live_limit_preserves_failure_state_then_allows_zeroed_reuse ... ok
test heap::allocation_budget_tests::realloc_counts_temporary_replacement_and_keeps_original_on_failure ... ok
test heap::tests::permanent_static_prefix_survives_allocator_reuse ... ok
test heap::tests::reallocation_failure_preserves_original_and_success_preserves_prefix ... ok
test control_flow::tests::cycles_and_invalid_or_terminal_fallthrough_bodies_do_not_invent_success ... ok
test heap::tests::reuse_coalesces_ranges_and_zeroes_old_contents ... ok
test inline_graph::tests::cycles_unknown_edges_and_duplicate_children_are_handled ... ok
test inline_graph::tests::graph_bounds_decline_without_partial_results ... ok
test control_flow::tests::layout_removes_jumps_between_calls_without_changing_their_order ... ok
test control_flow::tests::fault_order_and_initial_zero_reads_are_preserved ... ok
test inline_tests::diagnostics_and_options_are_bounded ... ok
test inline_tests::expansion_with_proven_cross_block_values_avoids_whole_caller_clearing ... ok
test inline_tests::each_invocation_resets_inline_frame_inside_a_caller_loop ... ok
test inline_tests::argument_overlap_order_and_result_alias_are_preserved ... ok
test inline_tests::medium_copy_tests::medium_leaf_keeps_copy_abi_and_frame_limits ... ok
test inline_tests::medium_copy_tests::medium_leaf_preserves_cold_failure_and_exact_budgets ... FAILED
test inline_tests::rematerialization_uses_latest_proven_argument_and_result_offsets ... ok
test inline_tests::unproven_storage_initial_values_alignment_and_growth_are_excluded ... ok
test inline_tests::internal_leaf_backedges_do_not_repeat_initialization ... ok
test inline_tests::medium_copy_tests::medium_leaf_frame_growth_includes_alignment_and_exact_boundary ... ok
test inline_tests::stronger_caller_alignment_and_large_register_banks_work ... ok
test inline_tests::zero_sized_parameters_and_results_keep_valid_dangling_locals ... ok
test inline_tests::branch_returns_and_cold_failures_keep_original_diagnostic_identity ... ok
test inline_tests::medium_copy_tests::medium_frame_guard_covers_body_and_abi_but_preserves_small_leaves ... ok
test inline_tests::wide_aliases_and_checked_overflow_destinations_are_relocated ... ok
test jit::compare_bytes_tests::native_byte_comparison_accepts_aliased_inputs_and_overlapping_read_ranges ... ok
test jit::compare_bytes_tests::native_byte_comparison_checks_full_ranges_and_accepts_empty_dangling_ranges ... ok
test jit::lazy_tests::internal_relocation_errors_remain_errors_and_do_not_mark_a_function_prepared ... ok
test jit::lazy_tests::later_appends_keep_old_entries_and_assertion_identities_in_every_order ... ok
test jit::limit_tests::assertion_number_exhaustion_is_a_limit_including_usize_overflow ... ok
test jit::limit_tests::invalid_relocations_are_distinct_from_encoding_limits_and_do_not_mutate_code ... ok
test jit::limit_tests::signed_branch_boundaries_are_exact_without_offset_wrapping ... ok
test jit::link_tests::link_relocations_accept_only_bounded_branch_placeholders ... ok
test jit::local_memory_tests::bounded_value_table_preserves_register_ownership_and_cache_recency ... ok
test jit::lazy_tests::encoding_limit_declines_publish_nothing_and_leave_other_functions_usable ... ok
test jit::link_tests::every_linked_exit_preserves_the_native_abi_and_cursor ... ok
test jit::lazy_tests::declining_a_staged_function_preserves_code_budget_and_assertion_ids ... ok
test jit::local_memory_tests::forwarded_copy_fault_writes_only_the_preceding_store ... ok
test jit::local_memory_tests::observe_local_forwarding_in_original_artifact ... ignored, Explicit typed census of saved real bytecode; requires artifact paths
test control_flow::tests::loops_aliasing_calls_and_duplicate_switch_precedence_keep_values_and_budgets ... ok
test jit::copy_tests::native_medium_copy_accepts_the_same_address_register ... ok
test jit::exit_tests::successful_native_exits_require_interpretation_at_the_remaining_budget ... ok
test jit::native_calls::tests::declining_code_capacity_never_publishes_a_partial_parent ... ok
test jit::native_calls::tests::existing_call_copy_contracts_execute_as_complete_native_trees ... ok
test jit::native_calls::tests::native_stack_and_callee_saved_registers_survive_maximum_depth_and_faults ... ok
test jit::native_calls::tests::nested_faults_keep_original_identity_and_skip_parent_continuation ... ok
test jit::copy_tests::native_medium_copies_preserve_exact_budgets_and_larger_copy_fallback ... ok
test jit::native_calls::tests::nested_siblings_preserve_padding_caller_values_and_register_initialization ... ok
test jit::local_memory_tests::call_and_tls_fallback_boundaries_preserve_frame_updates ... ok
test jit::native_regions::tests::region_storage_bounds_include_padding_and_checked_overflow ... ok
test jit::native_calls::tests::return_to_heap_preserves_heap_arguments_and_all_copied_bytes ... ok
test jit::local_memory_tests::evicted_dead_sources_are_never_reloaded_from_unspilled_register_slots ... ok
test jit::native_regions::tests::mixed_native_frames_restore_the_abi_for_declines_returns_and_every_fault_position ... ok
test jit::local_memory_tests::forwarded_overlapping_copies_preserve_memmove_source_capture ... ok
test jit::popcount_tests::population_count_regions_preserve_assertion_fault_and_budget_order ... ok
test jit::register_cache_tests::cached_dynamic_assertion_and_division_faults_keep_budget_order ... ok
test jit::compare_bytes_tests::native_byte_comparison_preserves_budgets_profiles_and_code_limit_fallback ... ok
test jit::local_memory_tests::repeated_local_loads_and_register_address_aliases_keep_old_values ... ok
test jit::register_cache_tests::cached_dynamic_values_survive_interpreter_fallback_and_high_halves ... ok
test jit::register_cache_tests::cached_dynamic_branch_values_keep_full_width_and_native_successors ... ok
test jit::copy_tests::native_medium_copy_validates_both_complete_ranges_before_any_write ... ok
test jit::register_cache_tests::cached_dynamic_values_survive_pressure_aliases_and_far_registers ... ok
test jit::register_cache_tests::cached_dynamic_overwrites_and_zero_upper_halves_are_ordered ... ok
test inline_tests::medium_copy_tests::medium_argument_and_result_copies_preserve_all_aliases ... ok
test jit::local_memory_tests::forwarded_copy_keeps_destination_faults_and_exact_budget_order ... ok
test jit::local_memory_tests::fused_fill_and_wide_copies_invalidate_without_clobbering_live_cache_values ... ok
test jit::popcount_tests::population_count_loops_preserve_all_budget_tails_and_128_bit_fallback ... ok
test jit::resumable::tests::bulk_zeroing_matches_exact_dirty_ranges_and_preserves_spare_bytes ... ok
test jit::register_cache_tests::cached_dynamic_values_survive_read_before_write_backedges ... ok
test jit::native_calls::tests::all_copy_widths_and_overlapping_return_directions_match_vm ... ok
test jit::local_memory_tests::branches_and_region_splits_reload_changed_local_storage ... ok
test jit::resumable::tests::incompatible_runtime_options_are_rejected_before_execution ... ok
test jit::resumable::tests::guest_depth_and_working_memory_limits_are_not_prepared_capacity ... ok
test jit::popcount_tests::native_population_counts_match_rust_with_aliases_and_vector_copy_neighbors ... ok
test jit::transfers::tests::native_fixed_transfers_share_checked_overlap_semantics_and_preserve_host_abi ... ok
test jit::resumable::tests::fixed_native_host_frame_preserves_all_callee_saved_registers_on_every_exit ... ok
test jit::trees::tests::bounds_real_nested_frame_peaks_including_sibling_padding ... ok
test jit::register_cache_tests::cached_dynamic_values_survive_medium_copy_scratch_clobbers ... ok
test jit::trees::tests::counts_every_call_site_and_uses_ids_not_names ... ok
test jit::trees::tests::cycles_and_unavailable_descendants_decline_without_recursing ... ok
test jit::trees::tests::terminal_traps_and_actual_fill_proof_are_explicit ... ok
test jit::trees::tests::instruction_depth_and_storage_caps_keep_a_vm_fallback ... ok
test jit::values::tests::analysis_limits_decline_without_a_partial_assignment ... ok
test jit::register_cache_tests::packed_cache_transitions_between_narrow_pair_and_wide_value ... ok
test jit::values::tests::liveness_keeps_loop_inputs_but_discards_overwritten_and_terminal_values ... ok
test jit::values::tests::operand_visitation_preserves_aliases_and_memory_address_reads ... ok
test jit::wide_tests::wide_comparison_assertions_preserve_fault_order ... ok
test jit::register_cache_tests::packed_pair_preserves_two_read_before_write_values_on_backedges ... ok
test jit::wide_tests::wide_loop_preserves_every_budget_tail_and_logical_profile ... ok
test jit::wide_tests::wide_subtraction_without_observed_overflow_and_with_identical_inputs ... ok
test linear_memory::tests::active_resize_matches_vector_semantics_through_growth_shrink_and_reuse ... ok
test linear_memory::tests::impossible_preparation_leaves_the_existing_prefix_usable ... ok
test linear_memory::tests::prepared_bytes_do_not_change_guest_bounds_or_live_budget ... ok
test linear_memory::tests::prepared_capacity_does_not_bypass_frame_limit_or_publish_a_bad_native_cursor ... ok
test linear_memory::tests::reused_frames_zero_padding_and_stale_bytes_without_moving_prepared_storage ... ok
test jit::resumable::tests::native_calls_loop_and_resume_through_descendant_vm_operations ... ok
test memory_tests::empty_copies_accept_dangling_addresses_and_constants_remain_readable ... ok
test memory_tests::rejected_copies_leave_both_arenas_unchanged ... ok
test native_continuation::tests::descendant_and_ancestor_continuations_publish_the_actual_frame ... ok
test native_continuation::tests::exhausted_one_past_code_continuation_and_fault_have_distinct_outcomes ... ok
test native_continuation::tests::malformed_cursors_never_publish_a_partial_extent ... ok
test native_continuation::tests::malformed_descriptors_and_changes_without_progress_are_rejected ... ok
test native_continuation::tests::preparation_capacity_cannot_replace_guest_limits_or_storage_identity ... ok
test native_continuation::tests::unchanged_pc_with_progress_is_distinct_from_a_zero_progress_decline ... ok
test heap::allocation_budget_tests::explicit_count_budget_above_old_default_is_effective ... ok
test register_init::tests::cfg_proof_requires_reads_before_aliased_writes ... ok
test register_init::tests::every_resource_bound_and_work_exhaustion_declines_without_partial_proof ... ok
test register_init::tests::joins_loops_and_unreachable_predecessors_require_all_reachable_paths ... ok
test jit::values::tests::bounded_liveness_matches_independent_path_search_on_seeded_graphs ... ok
test registers::entry_register_zero_tests::entry_zero_proof_requires_reads_before_aliased_writes ... ok
test registers::tests::calls_and_memory_destinations_are_reads ... ok
test registers::tests::skipped_definitions_and_aliased_outputs_need_initial_values ... ok
test registers::tests::whole_register_writes_prove_straight_line_and_loop_reads ... ok
test jit::values::tests::persistent_pairs_preserve_the_host_abi_through_nested_stubs_and_faults ... ok
test jit::transfers::tests::native_transfers_check_both_full_ranges_before_writing_and_accept_empty_ranges ... ok
test whole_call_inline_tests::cross_branch_definitions_are_proven_and_banked_without_clearing ... ok
test registers::entry_register_zero_tests::entry_zero_proof_matches_exhaustive_defined_register_paths ... ok
test whole_call_inline_tests::recursive_or_unknown_closures_do_not_expand_nonleaf_bodies ... ok
test jit::register_cache_tests::cached_dynamic_values_survive_forced_region_split ... ok
test jit::compare_bytes_tests::native_byte_comparison_matches_ordering_across_lengths_alignments_arenas_and_dest_aliases ... ok
test whole_call_inline_tests::nested_faults_keep_transformed_interpreter_order_at_every_budget ... FAILED
test jit::wide_tests::wide_native_results_match_rust_including_aliases_and_far_registers ... ok
test register_init::tests::cfg_proof_matches_exhaustive_defined_register_paths ... ok
test jit::register_cache_tests::packed_pair_survives_medium_copy_with_two_live_values_or_pointers ... ok
test jit::resumable::tests::recursive_native_calls_cross_preparation_boundaries_and_return_to_older_ancestors ... ok
test whole_call_inline_tests::nested_call_preserves_ordered_arguments_and_aliased_results ... ok
test whole_call_inline_tests::compare_bytes_relocates_every_operand_and_matches_native_slice_order ... ok
test jit::local_memory_tests::partial_and_unknown_alias_writes_invalidate_the_right_ranges ... ok
test jit::local_memory_tests::local_scalar_roundtrips_truncate_and_zero_extend_all_widths ... ok
test memory_tests::copies_match_snapshots_for_all_widths_arenas_and_overlaps ... ok
test jit::resumable::tests::every_instruction_budget_and_code_capacity_preserves_vm_behavior ... ok
test jit::register_cache_tests::packed_narrow_values_keep_pressure_aliases_and_zero_high_halves ... ok
test jit::transfers::tests::resumable_transfers_preserve_budgets_profiles_local_facts_and_code_limit_decline ... ok
test jit::transfers::tests::native_transfers_match_memmove_for_overlaps_alignments_lengths_and_arenas ... ok
test jit::copy_tests::native_medium_copies_match_every_length_alignment_arena_and_overlap_direction ... ok

failures:

---- inline_tests::medium_copy_tests::medium_leaf_preserves_cold_failure_and_exact_budgets stdout ----

thread 'inline_tests::medium_copy_tests::medium_leaf_preserves_cold_failure_and_exact_budgets' (37342270) panicked at crates/bytecode/src/inline_tests/medium_copy_tests.rs:101:9:
assertion `left == right` failed
  left: Number(1)
 right: 0
note: run with `RUST_BACKTRACE=1` environment variable to display a backtrace

---- whole_call_inline_tests::nested_faults_keep_transformed_interpreter_order_at_every_budget stdout ----

thread 'whole_call_inline_tests::nested_faults_keep_transformed_interpreter_order_at_every_budget' (37342382) panicked at crates/bytecode/src/whole_call_inline_tests.rs:129:13:
assertion `left == right` failed
  left: "JIT guest memory access failed"
 right: "invalid guest memory access"


failures:
    inline_tests::medium_copy_tests::medium_leaf_preserves_cold_failure_and_exact_budgets
    whole_call_inline_tests::nested_faults_keep_transformed_interpreter_order_at_every_budget

test result: FAILED. 149 passed; 2 failed; 1 ignored; 0 measured; 0 filtered out; finished in 12.02s

error: test failed, to rerun pass `-p rust-interp-bytecode --lib`
