owned stage child 5695 ['/usr/bin/xcode-select', '-p']
owned stage child 5699 ['/usr/bin/xcrun', '--sdk', 'macosx', '--show-sdk-path']
owned stage child 7367 ['/usr/bin/xcrun', '--sdk', 'macosx', '--find', 'clang']
owned stage child 8591 ['/usr/bin/xcrun', '--sdk', 'macosx', '--find', 'ld']
owned stage child 9894 ['/usr/bin/xcrun', '--sdk', 'macosx', '--find', 'otool']
owned stage child 10087 ['/usr/bin/otool', '-arch', 'arm64', '-L', '/Applications/Xcode.app/Contents/Developer/Toolchains/XcodeDefault.xctoolchain/usr/bin/clang']
owned stage child 12252 ['/usr/bin/otool', '-arch', 'arm64', '-l', '/Applications/Xcode.app/Contents/Developer/Toolchains/XcodeDefault.xctoolchain/usr/bin/clang']
owned stage child 13699 ['/usr/bin/otool', '-arch', 'arm64', '-L', '/Users/danluu/.rustup/toolchains/nightly-2026-09-08-aarch64-apple-darwin/bin/cargo']
owned stage child 13703 ['/usr/bin/otool', '-arch', 'arm64', '-l', '/Users/danluu/.rustup/toolchains/nightly-2026-09-08-aarch64-apple-darwin/bin/cargo']
owned stage child 13707 ['/usr/bin/otool', '-arch', 'arm64', '-L', '/Users/danluu/dev/rust-interp-runtime-exporter-20260918/.work/hir-options-hash-compiler-01/source/build/aarch64-apple-darwin/stage0/bin/rustc']
owned stage child 15153 ['/usr/bin/otool', '-arch', 'arm64', '-l', '/Users/danluu/dev/rust-interp-runtime-exporter-20260918/.work/hir-options-hash-compiler-01/source/build/aarch64-apple-darwin/stage0/bin/rustc']
owned stage child 15876 ['/usr/bin/otool', '-arch', 'arm64', '-L', '/Users/danluu/dev/rust-interp-runtime-exporter-20260918/.work/hir-options-hash-compiler-01/source/build/aarch64-apple-darwin/stage0/lib/libLLVM.dylib']
owned stage child 15881 ['/usr/bin/otool', '-arch', 'arm64', '-l', '/Users/danluu/dev/rust-interp-runtime-exporter-20260918/.work/hir-options-hash-compiler-01/source/build/aarch64-apple-darwin/stage0/lib/libLLVM.dylib']
owned stage child 18088 ['/usr/bin/otool', '-arch', 'arm64', '-L', '/Users/danluu/dev/rust-interp-runtime-exporter-20260918/.work/hir-options-hash-compiler-01/source/build/aarch64-apple-darwin/stage0/lib/librustc_driver-9ef202210fe39e05.dylib']
owned stage child 20234 ['/usr/bin/otool', '-arch', 'arm64', '-l', '/Users/danluu/dev/rust-interp-runtime-exporter-20260918/.work/hir-options-hash-compiler-01/source/build/aarch64-apple-darwin/stage0/lib/librustc_driver-9ef202210fe39e05.dylib']
owned stage child 20246 ['/usr/bin/otool', '-arch', 'arm64', '-L', '/Users/danluu/dev/rust-interp-runtime-installation-r-20260918/.work/runtime-compilers/f031d981666f450f760ccf303dccba986053ec6b9a143a60f3d26680f9ac7c70/sysroot/bin/rustc']
owned stage child 20982 ['/usr/bin/otool', '-arch', 'arm64', '-l', '/Users/danluu/dev/rust-interp-runtime-installation-r-20260918/.work/runtime-compilers/f031d981666f450f760ccf303dccba986053ec6b9a143a60f3d26680f9ac7c70/sysroot/bin/rustc']
owned stage child 20990 ['/usr/bin/otool', '-arch', 'arm64', '-L', '/Users/danluu/dev/rust-interp-runtime-installation-r-20260918/.work/runtime-compilers/f031d981666f450f760ccf303dccba986053ec6b9a143a60f3d26680f9ac7c70/sysroot/lib/libLLVM.dylib']
owned stage child 22795 ['/usr/bin/otool', '-arch', 'arm64', '-l', '/Users/danluu/dev/rust-interp-runtime-installation-r-20260918/.work/runtime-compilers/f031d981666f450f760ccf303dccba986053ec6b9a143a60f3d26680f9ac7c70/sysroot/lib/libLLVM.dylib']
owned stage child 23192 ['/usr/bin/otool', '-arch', 'arm64', '-L', '/Users/danluu/dev/rust-interp-runtime-installation-r-20260918/.work/runtime-compilers/f031d981666f450f760ccf303dccba986053ec6b9a143a60f3d26680f9ac7c70/sysroot/lib/librustc_driver-88dbe03d702a9b6c.dylib']
owned stage child 23876 ['/usr/bin/otool', '-arch', 'arm64', '-l', '/Users/danluu/dev/rust-interp-runtime-installation-r-20260918/.work/runtime-compilers/f031d981666f450f760ccf303dccba986053ec6b9a143a60f3d26680f9ac7c70/sysroot/lib/librustc_driver-88dbe03d702a9b6c.dylib']
owned stage child 24600 ['/usr/bin/otool', '-arch', 'arm64', '-L', '/opt/homebrew/Cellar/python@3.14/3.14.7/Frameworks/Python.framework/Versions/3.14/Python']
owned stage child 25281 ['/usr/bin/otool', '-arch', 'arm64', '-l', '/opt/homebrew/Cellar/python@3.14/3.14.7/Frameworks/Python.framework/Versions/3.14/Python']
owned stage child 25411 ['/usr/bin/otool', '-arch', 'arm64', '-L', '/opt/homebrew/Cellar/python@3.14/3.14.7/Frameworks/Python.framework/Versions/3.14/bin/python3.14']
owned stage child 26128 ['/usr/bin/otool', '-arch', 'arm64', '-l', '/opt/homebrew/Cellar/python@3.14/3.14.7/Frameworks/Python.framework/Versions/3.14/bin/python3.14']
owned stage child 26922 ['/Users/danluu/dev/rust-interp-runtime-exporter-20260918/.work/hir-options-hash-compiler-01/source/build/aarch64-apple-darwin/stage0/bin/rustc', '-vV']
owned stage child 28288 ['/Users/danluu/dev/rust-interp-runtime-exporter-20260918/.work/hir-options-hash-compiler-01/source/build/aarch64-apple-darwin/stage0/bin/rustc', '--print', 'sysroot']
owned stage child 28291 ['/Users/danluu/dev/rust-interp-runtime-installation-r-20260918/.work/runtime-compilers/f031d981666f450f760ccf303dccba986053ec6b9a143a60f3d26680f9ac7c70/sysroot/bin/rustc', '-vV']
owned stage child 30531 ['/Users/danluu/dev/rust-interp-runtime-installation-r-20260918/.work/runtime-compilers/f031d981666f450f760ccf303dccba986053ec6b9a143a60f3d26680f9ac7c70/sysroot/bin/rustc', '--print', 'sysroot']
owned stage child 30536 ['/Users/danluu/.rustup/toolchains/nightly-2026-09-08-aarch64-apple-darwin/bin/cargo', '-Vv']
owned stage child 30539 ['/Users/danluu/.rustup/toolchains/nightly-2026-09-08-aarch64-apple-darwin/bin/cargo', 'metadata', '--locked', '--offline', '--format-version=1', '--manifest-path', '/Users/danluu/dev/rust-interp-runtime-exporter-20260918/.work/hir-options-hash-exporter-source-02/Cargo.toml']
owned stage child 30545 ['/usr/bin/xcode-select', '-p']
owned stage child 32267 ['/usr/bin/xcrun', '--sdk', 'macosx', '--show-sdk-path']
owned stage child 32703 ['/usr/bin/xcrun', '--sdk', 'macosx', '--find', 'clang']
owned stage child 32707 ['/usr/bin/xcrun', '--sdk', 'macosx', '--find', 'ld']
owned stage child 34144 ['/usr/bin/xcrun', '--sdk', 'macosx', '--find', 'otool']
